Archive member included to satisfy reference by file (symbol)

c:/program files (x86)/atmel/studio/7.0/toolchain/arm/arm-gnu-toolchain/bin/../lib/gcc/arm-none-eabi/5.3.1/../../../../arm-none-eabi/lib/armv7-m\libc.a(lib_a-exit.o)
                              c:/program files (x86)/atmel/studio/7.0/toolchain/arm/arm-gnu-toolchain/bin/../lib/gcc/arm-none-eabi/5.3.1/../../../../arm-none-eabi/lib/armv7-m/crt0.o (exit)
c:/program files (x86)/atmel/studio/7.0/toolchain/arm/arm-gnu-toolchain/bin/../lib/gcc/arm-none-eabi/5.3.1/../../../../arm-none-eabi/lib/armv7-m\libc.a(lib_a-impure.o)
                              c:/program files (x86)/atmel/studio/7.0/toolchain/arm/arm-gnu-toolchain/bin/../lib/gcc/arm-none-eabi/5.3.1/../../../../arm-none-eabi/lib/armv7-m\libc.a(lib_a-exit.o) (_global_impure_ptr)
c:/program files (x86)/atmel/studio/7.0/toolchain/arm/arm-gnu-toolchain/bin/../lib/gcc/arm-none-eabi/5.3.1/../../../../arm-none-eabi/lib/armv7-m\libc.a(lib_a-init.o)
                              c:/program files (x86)/atmel/studio/7.0/toolchain/arm/arm-gnu-toolchain/bin/../lib/gcc/arm-none-eabi/5.3.1/../../../../arm-none-eabi/lib/armv7-m/crt0.o (__libc_init_array)
c:/program files (x86)/atmel/studio/7.0/toolchain/arm/arm-gnu-toolchain/bin/../lib/gcc/arm-none-eabi/5.3.1/../../../../arm-none-eabi/lib/armv7-m\libc.a(lib_a-iprintf.o)
                              src/ASF/sam/utils/syscalls/gcc/syscalls.o (iprintf)
c:/program files (x86)/atmel/studio/7.0/toolchain/arm/arm-gnu-toolchain/bin/../lib/gcc/arm-none-eabi/5.3.1/../../../../arm-none-eabi/lib/armv7-m\libc.a(lib_a-memset.o)
                              c:/program files (x86)/atmel/studio/7.0/toolchain/arm/arm-gnu-toolchain/bin/../lib/gcc/arm-none-eabi/5.3.1/../../../../arm-none-eabi/lib/armv7-m/crt0.o (memset)
c:/program files (x86)/atmel/studio/7.0/toolchain/arm/arm-gnu-toolchain/bin/../lib/gcc/arm-none-eabi/5.3.1/../../../../arm-none-eabi/lib/armv7-m\libc.a(lib_a-puts.o)
                              src/main.o (puts)
c:/program files (x86)/atmel/studio/7.0/toolchain/arm/arm-gnu-toolchain/bin/../lib/gcc/arm-none-eabi/5.3.1/../../../../arm-none-eabi/lib/armv7-m\libc.a(lib_a-setbuf.o)
                              src/main.o (setbuf)
c:/program files (x86)/atmel/studio/7.0/toolchain/arm/arm-gnu-toolchain/bin/../lib/gcc/arm-none-eabi/5.3.1/../../../../arm-none-eabi/lib/armv7-m\libc.a(lib_a-setvbuf.o)
                              c:/program files (x86)/atmel/studio/7.0/toolchain/arm/arm-gnu-toolchain/bin/../lib/gcc/arm-none-eabi/5.3.1/../../../../arm-none-eabi/lib/armv7-m\libc.a(lib_a-setbuf.o) (setvbuf)
c:/program files (x86)/atmel/studio/7.0/toolchain/arm/arm-gnu-toolchain/bin/../lib/gcc/arm-none-eabi/5.3.1/../../../../arm-none-eabi/lib/armv7-m\libc.a(lib_a-strlen-stub.o)
                              c:/program files (x86)/atmel/studio/7.0/toolchain/arm/arm-gnu-toolchain/bin/../lib/gcc/arm-none-eabi/5.3.1/../../../../arm-none-eabi/lib/armv7-m\libc.a(lib_a-puts.o) (strlen)
c:/program files (x86)/atmel/studio/7.0/toolchain/arm/arm-gnu-toolchain/bin/../lib/gcc/arm-none-eabi/5.3.1/../../../../arm-none-eabi/lib/armv7-m\libc.a(lib_a-vfiprintf.o)
                              c:/program files (x86)/atmel/studio/7.0/toolchain/arm/arm-gnu-toolchain/bin/../lib/gcc/arm-none-eabi/5.3.1/../../../../arm-none-eabi/lib/armv7-m\libc.a(lib_a-iprintf.o) (_vfiprintf_r)
c:/program files (x86)/atmel/studio/7.0/toolchain/arm/arm-gnu-toolchain/bin/../lib/gcc/arm-none-eabi/5.3.1/../../../../arm-none-eabi/lib/armv7-m\libc.a(lib_a-wbuf.o)
                              src/main.o (__swbuf_r)
c:/program files (x86)/atmel/studio/7.0/toolchain/arm/arm-gnu-toolchain/bin/../lib/gcc/arm-none-eabi/5.3.1/../../../../arm-none-eabi/lib/armv7-m\libc.a(lib_a-wsetup.o)
                              c:/program files (x86)/atmel/studio/7.0/toolchain/arm/arm-gnu-toolchain/bin/../lib/gcc/arm-none-eabi/5.3.1/../../../../arm-none-eabi/lib/armv7-m\libc.a(lib_a-vfiprintf.o) (__swsetup_r)
c:/program files (x86)/atmel/studio/7.0/toolchain/arm/arm-gnu-toolchain/bin/../lib/gcc/arm-none-eabi/5.3.1/../../../../arm-none-eabi/lib/armv7-m\libc.a(lib_a-__call_atexit.o)
                              c:/program files (x86)/atmel/studio/7.0/toolchain/arm/arm-gnu-toolchain/bin/../lib/gcc/arm-none-eabi/5.3.1/../../../../arm-none-eabi/lib/armv7-m\libc.a(lib_a-exit.o) (__call_exitprocs)
c:/program files (x86)/atmel/studio/7.0/toolchain/arm/arm-gnu-toolchain/bin/../lib/gcc/arm-none-eabi/5.3.1/../../../../arm-none-eabi/lib/armv7-m\libc.a(lib_a-atexit.o)
                              c:/program files (x86)/atmel/studio/7.0/toolchain/arm/arm-gnu-toolchain/bin/../lib/gcc/arm-none-eabi/5.3.1/../../../../arm-none-eabi/lib/armv7-m\libc.a(lib_a-__call_atexit.o) (atexit)
c:/program files (x86)/atmel/studio/7.0/toolchain/arm/arm-gnu-toolchain/bin/../lib/gcc/arm-none-eabi/5.3.1/../../../../arm-none-eabi/lib/armv7-m\libc.a(lib_a-fflush.o)
[...]
Memory Configuration

Name             Origin             Length             Attributes
rom              0x00080000         0x00080000         xr
sram0            0x20000000         0x00010000         xrw
sram1            0x20080000         0x00008000         xrw
ram              0x20070000         0x00018000         xrw
*default*        0x00000000         0xffffffff

Linker script and memory map

LOAD c:/program files (x86)/atmel/studio/7.0/toolchain/arm/arm-gnu-toolchain/bin/../lib/gcc/arm-none-eabi/5.3.1/armv7-m/crti.o
LOAD c:/program files (x86)/atmel/studio/7.0/toolchain/arm/arm-gnu-toolchain/bin/../lib/gcc/arm-none-eabi/5.3.1/armv7-m/crtbegin.o
LOAD c:/program files (x86)/atmel/studio/7.0/toolchain/arm/arm-gnu-toolchain/bin/../lib/gcc/arm-none-eabi/5.3.1/../../../../arm-none-eabi/lib/armv7-m/crt0.o
LOAD src/ASF/common/utils/stdio/read.o
LOAD src/ASF/common/utils/stdio/write.o
LOAD src/ASF/common/services/serial/usart_serial.o
LOAD src/ASF/sam/drivers/uart/uart.o
LOAD src/ASF/sam/drivers/usart/usart.o
LOAD src/ASF/common/services/clock/sam3x/sysclk.o
LOAD src/ASF/common/utils/interrupt/interrupt_sam_nvic.o
LOAD src/ASF/sam/boards/arduino_due_x/init.o
LOAD src/ASF/sam/drivers/pio/pio.o
LOAD src/ASF/sam/drivers/pio/pio_handler.o
LOAD src/ASF/sam/drivers/pmc/pmc.o
LOAD src/ASF/sam/drivers/pmc/sleep.o
LOAD src/ASF/sam/utils/cmsis/sam3x/source/templates/exceptions.o
LOAD src/ASF/sam/utils/cmsis/sam3x/source/templates/gcc/startup_sam3x.o
LOAD src/ASF/sam/utils/cmsis/sam3x/source/templates/system_sam3x.o
LOAD src/ASF/sam/utils/syscalls/gcc/syscalls.o
LOAD src/main.o
START GROUP
LOAD ../src/ASF/thirdparty/CMSIS/Lib/GCC\libarm_cortexM3l_math.a
LOAD c:/program files (x86)/atmel/studio/7.0/toolchain/arm/arm-gnu-toolchain/bin/../lib/gcc/arm-none-eabi/5.3.1/../../../../arm-none-eabi/lib/armv7-m\libm.a
END GROUP
START GROUP
LOAD c:/program files (x86)/atmel/studio/7.0/toolchain/arm/arm-gnu-toolchain/bin/../lib/gcc/arm-none-eabi/5.3.1/armv7-m\libgcc.a
LOAD c:/program files (x86)/atmel/studio/7.0/toolchain/arm/arm-gnu-toolchain/bin/../lib/gcc/arm-none-eabi/5.3.1/../../../../arm-none-eabi/lib/armv7-m\libc.a
END GROUP
LOAD c:/program files (x86)/atmel/studio/7.0/toolchain/arm/arm-gnu-toolchain/bin/../lib/gcc/arm-none-eabi/5.3.1/armv7-m/crtend.o
LOAD c:/program files (x86)/atmel/studio/7.0/toolchain/arm/arm-gnu-toolchain/bin/../lib/gcc/arm-none-eabi/5.3.1/armv7-m/crtn.o
                0x00002000                __stack_size__ = DEFINED (__stack_size__)?__stack_size__:0x2000
                0x20087ffc                __ram_end__ = ((ORIGIN (ram) + LENGTH (ram)) - 0x4)

.text           0x00080000     0x28a0
                0x00080000                . = ALIGN (0x4)
                0x00080000                _sfixed = .
 *(.vectors .vectors.*)
 .vectors       0x00080000       0xf4 src/ASF/sam/utils/cmsis/sam3x/source/templates/gcc/startup_sam3x.o
                0x00080000                exception_table
 *(.text .text.* .gnu.linkonce.t.*)
 .text          0x000800f4       0x5c c:/program files (x86)/atmel/studio/7.0/toolchain/arm/arm-gnu-toolchain/bin/../lib/gcc/arm-none-eabi/5.3.1/armv7-m/crtbegin.o
 .text._read    0x00080150       0x3c src/ASF/common/utils/stdio/read.o
                0x00080150                _read
 .text._write   0x0008018c       0x50 src/ASF/common/utils/stdio/write.o
                0x0008018c                _write
 .text.uart_init
                0x000801dc       0x38 src/ASF/sam/drivers/uart/uart.o
                0x000801dc                uart_init
 .text.uart_write
                0x00080214       0x10 src/ASF/sam/drivers/uart/uart.o
                0x00080214                uart_write
 .text.uart_read
                0x00080224       0x14 src/ASF/sam/drivers/uart/uart.o
                0x00080224                uart_read
 .text.usart_write
                0x00080238       0x14 src/ASF/sam/drivers/usart/usart.o
                0x00080238                usart_write
 .text.usart_read
                0x0008024c       0x18 src/ASF/sam/drivers/usart/usart.o
                0x0008024c                usart_read
 .text.sysclk_init
                0x00080264       0x64 src/ASF/common/services/clock/sam3x/sysclk.o
                0x00080264                sysclk_init
 .text.board_init
                0x000802c8       0x80 src/ASF/sam/boards/arduino_due_x/init.o
                0x000802c8                board_init
 .text.pio_set_peripheral
                0x00080348       0x40 src/ASF/sam/drivers/pio/pio.o
                0x00080348                pio_set_peripheral
 .text.pio_set_input
                0x00080388       0x34 src/ASF/sam/drivers/pio/pio.o
                0x00080388                pio_set_input
 .text.pio_set_output
                0x000803bc       0x28 src/ASF/sam/drivers/pio/pio.o
                0x000803bc                pio_set_output
 .text.pio_get_interrupt_status
                0x000803e4        0x4 src/ASF/sam/drivers/pio/pio.o
                0x000803e4                pio_get_interrupt_status
 .text.pio_get_interrupt_mask
                0x000803e8        0x4 src/ASF/sam/drivers/pio/pio.o
                0x000803e8                pio_get_interrupt_mask
 .text.pio_configure_pin
                0x000803ec       0xd4 src/ASF/sam/drivers/pio/pio.o
                0x000803ec                pio_configure_pin
 .text.pio_configure_pin_group
                0x000804c0       0xa0 src/ASF/sam/drivers/pio/pio.o
                0x000804c0                pio_configure_pin_group
 .text.pio_handler_process
                0x00080560       0x50 src/ASF/sam/drivers/pio/pio_handler.o
                0x00080560                pio_handler_process
 .text.PIOA_Handler
                0x000805b0       0x14 src/ASF/sam/drivers/pio/pio_handler.o
                0x000805b0                PIOA_Handler
 .text.PIOB_Handler
                0x000805c4       0x14 src/ASF/sam/drivers/pio/pio_handler.o
                0x000805c4                PIOB_Handler
 .text.PIOC_Handler
                0x000805d8       0x14 src/ASF/sam/drivers/pio/pio_handler.o
                0x000805d8                PIOC_Handler
 .text.PIOD_Handler
                0x000805ec       0x14 src/ASF/sam/drivers/pio/pio_handler.o
                0x000805ec                PIOD_Handler
 .text.pmc_switch_mck_to_pllack
                0x00080600       0x68 src/ASF/sam/drivers/pmc/pmc.o
                0x00080600                pmc_switch_mck_to_pllack
 .text.pmc_switch_mainck_to_xtal
                0x00080668       0x54 src/ASF/sam/drivers/pmc/pmc.o
                0x00080668                pmc_switch_mainck_to_xtal
 .text.pmc_osc_is_ready_mainck
                0x000806bc       0x10 src/ASF/sam/drivers/pmc/pmc.o
                0x000806bc                pmc_osc_is_ready_mainck
 .text.pmc_disable_pllack
                0x000806cc       0x10 src/ASF/sam/drivers/pmc/pmc.o
                0x000806cc                pmc_disable_pllack
 .text.pmc_is_locked_pllack
                0x000806dc       0x10 src/ASF/sam/drivers/pmc/pmc.o
                0x000806dc                pmc_is_locked_pllack
 .text.pmc_enable_periph_clk
                0x000806ec       0x54 src/ASF/sam/drivers/pmc/pmc.o
                0x000806ec                pmc_enable_periph_clk
 .text.Dummy_Handler
                0x00080740        0x4 src/ASF/sam/utils/cmsis/sam3x/source/templates/exceptions.o
                0x00080740                DACC_Handler
                0x00080740                DebugMon_Handler
                0x00080740                DMAC_Handler
                0x00080740                TRNG_Handler
                0x00080740                HardFault_Handler
                0x00080740                TC2_Handler
                0x00080740                SysTick_Handler
                0x00080740                USART3_Handler
                0x00080740                TWI1_Handler
                0x00080740                PendSV_Handler
                0x00080740                NMI_Handler
                0x00080740                TC7_Handler
                0x00080740                ADC_Handler
                0x00080740                SMC_Handler
                0x00080740                USART0_Handler
                0x00080740                RTT_Handler
                0x00080740                EFC1_Handler
                0x00080740                RTC_Handler
                0x00080740                UsageFault_Handler
                0x00080740                TC6_Handler
                0x00080740                WDT_Handler
                0x00080740                CAN0_Handler
                0x00080740                TC4_Handler
                0x00080740                TC1_Handler
                0x00080740                HSMCI_Handler
                0x00080740                TC3_Handler
                0x00080740                Dummy_Handler
                0x00080740                TWI0_Handler
                0x00080740                USART1_Handler
                0x00080740                SSC_Handler
                0x00080740                EFC0_Handler
                0x00080740                PMC_Handler
                0x00080740                PWM_Handler
                0x00080740                CAN1_Handler
                0x00080740                MemManage_Handler
                0x00080740                SUPC_Handler
                0x00080740                SVC_Handler
                0x00080740                TC8_Handler
                0x00080740                USART2_Handler
                0x00080740                EMAC_Handler
                0x00080740                UART_Handler
                0x00080740                BusFault_Handler
                0x00080740                RSTC_Handler
                0x00080740                TC0_Handler
                0x00080740                TC5_Handler
                0x00080740                UOTGHS_Handler
                0x00080740                SPI0_Handler
 .text.Reset_Handler
                0x00080744       0xac src/ASF/sam/utils/cmsis/sam3x/source/templates/gcc/startup_sam3x.o
                0x00080744                Reset_Handler
 .text.SystemCoreClockUpdate
                0x000807f0      0x11c src/ASF/sam/utils/cmsis/sam3x/source/templates/system_sam3x.o
                0x000807f0                SystemCoreClockUpdate
 .text._sbrk    0x0008090c       0x34 src/ASF/sam/utils/syscalls/gcc/syscalls.o
                0x0008090c                _sbrk
 .text._close   0x00080940        0x8 src/ASF/sam/utils/syscalls/gcc/syscalls.o
                0x00080940                _close
 .text._fstat   0x00080948        0xc src/ASF/sam/utils/syscalls/gcc/syscalls.o
                0x00080948                _fstat
 .text._isatty  0x00080954        0x4 src/ASF/sam/utils/syscalls/gcc/syscalls.o
                0x00080954                _isatty
 .text._lseek   0x00080958        0x4 src/ASF/sam/utils/syscalls/gcc/syscalls.o
                0x00080958                _lseek
 .text.usart_serial_getchar
                0x0008095c       0xa8 src/main.o
 .text.usart_serial_putchar
                0x00080a04       0x9c src/main.o
 .text.print_long
                0x00080aa0       0xa0 src/main.o
                0x00080aa0                print_long
 .text.main     0x00080b40       0xd4 src/main.o
                0x00080b40                main
 .text.__libc_init_array
                0x00080c14       0x50 c:/program files (x86)/atmel/studio/7.0/toolchain/arm/arm-gnu-toolchain/bin/../lib/gcc/arm-none-eabi/5.3.1/../../../../arm-none-eabi/lib/armv7-m\libc.a(lib_a-init.o)
                0x00080c14                __libc_init_array
 .text.memset   0x00080c64       0x9c c:/program files (x86)/atmel/studio/7.0/toolchain/arm/arm-gnu-toolchain/bin/../lib/gcc/arm-none-eabi/5.3.1/../../../../arm-none-eabi/lib/armv7-m\libc.a(lib_a-memset.o)
                0x00080c64                memset
 .text._puts_r  0x00080d00       0x68 c:/program files (x86)/atmel/studio/7.0/toolchain/arm/arm-gnu-toolchain/bin/../lib/gcc/arm-none-eabi/5.3.1/../../../../arm-none-eabi/lib/armv7-m\libc.a(lib_a-puts.o)
                0x00080d00                _puts_r
 .text.puts     0x00080d68       0x10 c:/program files (x86)/atmel/studio/7.0/toolchain/arm/arm-gnu-toolchain/bin/../lib/gcc/arm-none-eabi/5.3.1/../../../../arm-none-eabi/lib/armv7-m\libc.a(lib_a-puts.o)
                0x00080d68                puts
 .text.setbuf   0x00080d78       0x10 c:/program files (x86)/atmel/studio/7.0/toolchain/arm/arm-gnu-toolchain/bin/../lib/gcc/arm-none-eabi/5.3.1/../../../../arm-none-eabi/lib/armv7-m\libc.a(lib_a-setbuf.o)
                0x00080d78                setbuf
 .text.setvbuf  0x00080d88      0x150 c:/program files (x86)/atmel/studio/7.0/toolchain/arm/arm-gnu-toolchain/bin/../lib/gcc/arm-none-eabi/5.3.1/../../../../arm-none-eabi/lib/armv7-m\libc.a(lib_a-setvbuf.o)
                0x00080d88                setvbuf
 .text.strlen   0x00080ed8       0x5c c:/program files (x86)/atmel/studio/7.0/toolchain/arm/arm-gnu-toolchain/bin/../lib/gcc/arm-none-eabi/5.3.1/../../../../arm-none-eabi/lib/armv7-m\libc.a(lib_a-strlen-stub.o)
                0x00080ed8                strlen
 .text.__swbuf_r
                0x00080f34       0xac c:/program files (x86)/atmel/studio/7.0/toolchain/arm/arm-gnu-toolchain/bin/../lib/gcc/arm-none-eabi/5.3.1/../../../../arm-none-eabi/lib/armv7-m\libc.a(lib_a-wbuf.o)
                0x00080f34                __swbuf_r
 .text.__swsetup_r
                0x00080fe0       0xc8 c:/program files (x86)/atmel/studio/7.0/toolchain/arm/arm-gnu-toolchain/bin/../lib/gcc/arm-none-eabi/5.3.1/../../../../arm-none-eabi/lib/armv7-m\libc.a(lib_a-wsetup.o)
                0x00080fe0                __swsetup_r
 .text.startup.register_fini
                0x000810a8       0x14 c:/program files (x86)/atmel/studio/7.0/toolchain/arm/arm-gnu-toolchain/bin/../lib/gcc/arm-none-eabi/5.3.1/../../../../arm-none-eabi/lib/armv7-m\libc.a(lib_a-__call_atexit.o)
 .text.atexit   0x000810bc        0xc c:/program files (x86)/atmel/studio/7.0/toolchain/arm/arm-gnu-toolchain/bin/../lib/gcc/arm-none-eabi/5.3.1/../../../../arm-none-eabi/lib/armv7-m\libc.a(lib_a-atexit.o)
                0x000810bc                atexit
 .text.__sflush_r
                0x000810c8      0x148 c:/program files (x86)/atmel/studio/7.0/toolchain/arm/arm-gnu-toolchain/bin/../lib/gcc/arm-none-eabi/5.3.1/../../../../arm-none-eabi/lib/armv7-m\libc.a(lib_a-fflush.o)
                0x000810c8                __sflush_r
 .text._fflush_r
                0x00081210       0x2c c:/program files (x86)/atmel/studio/7.0/toolchain/arm/arm-gnu-toolchain/bin/../lib/gcc/arm-none-eabi/5.3.1/../../../../arm-none-eabi/lib/armv7-m\libc.a(lib_a-fflush.o)
                0x00081210                _fflush_r
 .text._cleanup_r
                0x0008123c        0xc c:/program files (x86)/atmel/studio/7.0/toolchain/arm/arm-gnu-toolchain/bin/../lib/gcc/arm-none-eabi/5.3.1/../../../../arm-none-eabi/lib/armv7-m\libc.a(lib_a-findfp.o)
                0x0008123c                _cleanup_r
 .text.__sinit.part.1
                0x00081248       0xf0 c:/program files (x86)/atmel/studio/7.0/toolchain/arm/arm-gnu-toolchain/bin/../lib/gcc/arm-none-eabi/5.3.1/../../../../arm-none-eabi/lib/armv7-m\libc.a(lib_a-findfp.o)
 .text.__sinit  0x00081338        0xc c:/program files (x86)/atmel/studio/7.0/toolchain/arm/arm-gnu-toolchain/bin/../lib/gcc/arm-none-eabi/5.3.1/../../../../arm-none-eabi/lib/armv7-m\libc.a(lib_a-findfp.o)
                0x00081338                __sinit
 .text.__sfp_lock_acquire
                0x00081344        0x4 c:/program files (x86)/atmel/studio/7.0/toolchain/arm/arm-gnu-toolchain/bin/../lib/gcc/arm-none-eabi/5.3.1/../../../../arm-none-eabi/lib/armv7-m\libc.a(lib_a-findfp.o)
                0x00081344                __sfp_lock_acquire
 .text.__sfp_lock_release
                0x00081348        0x4 c:/program files (x86)/atmel/studio/7.0/toolchain/arm/arm-gnu-toolchain/bin/../lib/gcc/arm-none-eabi/5.3.1/../../../../arm-none-eabi/lib/armv7-m\libc.a(lib_a-findfp.o)
                0x00081348                __sfp_lock_release
 .text.__libc_fini_array
                0x0008134c       0x28 c:/program files (x86)/atmel/studio/7.0/toolchain/arm/arm-gnu-toolchain/bin/../lib/gcc/arm-none-eabi/5.3.1/../../../../arm-none-eabi/lib/armv7-m\libc.a(lib_a-fini.o)
                0x0008134c                __libc_fini_array
 .text._malloc_trim_r
                0x00081374       0x9c c:/program files (x86)/atmel/studio/7.0/toolchain/arm/arm-gnu-toolchain/bin/../lib/gcc/arm-none-eabi/5.3.1/../../../../arm-none-eabi/lib/armv7-m\libc.a(lib_a-freer.o)
                0x00081374                _malloc_trim_r
 .text._free_r  0x00081410      0x1d0 c:/program files (x86)/atmel/studio/7.0/toolchain/arm/arm-gnu-toolchain/bin/../lib/gcc/arm-none-eabi/5.3.1/../../../../arm-none-eabi/lib/armv7-m\libc.a(lib_a-freer.o)
                0x00081410                _free_r
 .text.__sfvwrite_r
                0x000815e0      0x308 c:/program files (x86)/atmel/studio/7.0/toolchain/arm/arm-gnu-toolchain/bin/../lib/gcc/arm-none-eabi/5.3.1/../../../../arm-none-eabi/lib/armv7-m\libc.a(lib_a-fvwrite.o)
                0x000815e0                __sfvwrite_r
 .text._fwalk_reent
                0x000818e8       0x50 c:/program files (x86)/atmel/studio/7.0/toolchain/arm/arm-gnu-toolchain/bin/../lib/gcc/arm-none-eabi/5.3.1/../../../../arm-none-eabi/lib/armv7-m\libc.a(lib_a-fwalk.o)
                0x000818e8                _fwalk_reent
 .text.__swhatbuf_r
                0x00081938       0x60 c:/program files (x86)/atmel/studio/7.0/toolchain/arm/arm-gnu-toolchain/bin/../lib/gcc/arm-none-eabi/5.3.1/../../../../arm-none-eabi/lib/armv7-m\libc.a(lib_a-makebuf.o)
                0x00081938                __swhatbuf_r
 .text.__smakebuf_r
                0x00081998       0x88 c:/program files (x86)/atmel/studio/7.0/toolchain/arm/arm-gnu-toolchain/bin/../lib/gcc/arm-none-eabi/5.3.1/../../../../arm-none-eabi/lib/armv7-m\libc.a(lib_a-makebuf.o)
                0x00081998                __smakebuf_r
 .text.malloc   0x00081a20       0x10 c:/program files (x86)/atmel/studio/7.0/toolchain/arm/arm-gnu-toolchain/bin/../lib/gcc/arm-none-eabi/5.3.1/../../../../arm-none-eabi/lib/armv7-m\libc.a(lib_a-malloc.o)
                0x00081a20                malloc
 .text._malloc_r
                0x00081a30      0x558 c:/program files (x86)/atmel/studio/7.0/toolchain/arm/arm-gnu-toolchain/bin/../lib/gcc/arm-none-eabi/5.3.1/../../../../arm-none-eabi/lib/armv7-m\libc.a(lib_a-mallocr.o)
                0x00081a30                _malloc_r
 .text.memchr   0x00081f88       0x8c c:/program files (x86)/atmel/studio/7.0/toolchain/arm/arm-gnu-toolchain/bin/../lib/gcc/arm-none-eabi/5.3.1/../../../../arm-none-eabi/lib/armv7-m\libc.a(lib_a-memchr-stub.o)
                0x00081f88                memchr
 .text          0x00082014       0xec c:/program files (x86)/atmel/studio/7.0/toolchain/arm/arm-gnu-toolchain/bin/../lib/gcc/arm-none-eabi/5.3.1/../../../../arm-none-eabi/lib/armv7-m\libc.a(lib_a-memcpy.o)
                0x00082014                memcpy
 .text.memmove  0x00082100       0xc8 c:/program files (x86)/atmel/studio/7.0/toolchain/arm/arm-gnu-toolchain/bin/../lib/gcc/arm-none-eabi/5.3.1/../../../../arm-none-eabi/lib/armv7-m\libc.a(lib_a-memmove.o)
                0x00082100                memmove
 .text.__malloc_lock
                0x000821c8        0x4 c:/program files (x86)/atmel/studio/7.0/toolchain/arm/arm-gnu-toolchain/bin/../lib/gcc/arm-none-eabi/5.3.1/../../../../arm-none-eabi/lib/armv7-m\libc.a(lib_a-mlock.o)
                0x000821c8                __malloc_lock
 .text.__malloc_unlock
                0x000821cc        0x4 c:/program files (x86)/atmel/studio/7.0/toolchain/arm/arm-gnu-toolchain/bin/../lib/gcc/arm-none-eabi/5.3.1/../../../../arm-none-eabi/lib/armv7-m\libc.a(lib_a-mlock.o)
                0x000821cc                __malloc_unlock
 .text._realloc_r
                0x000821d0      0x3d4 c:/program files (x86)/atmel/studio/7.0/toolchain/arm/arm-gnu-toolchain/bin/../lib/gcc/arm-none-eabi/5.3.1/../../../../arm-none-eabi/lib/armv7-m\libc.a(lib_a-reallocr.o)
                0x000821d0                _realloc_r
 .text._sbrk_r  0x000825a4       0x24 c:/program files (x86)/atmel/studio/7.0/toolchain/arm/arm-gnu-toolchain/bin/../lib/gcc/arm-none-eabi/5.3.1/../../../../arm-none-eabi/lib/armv7-m\libc.a(lib_a-sbrkr.o)
                0x000825a4                _sbrk_r
 .text.__sread  0x000825c8       0x24 c:/program files (x86)/atmel/studio/7.0/toolchain/arm/arm-gnu-toolchain/bin/../lib/gcc/arm-none-eabi/5.3.1/../../../../arm-none-eabi/lib/armv7-m\libc.a(lib_a-stdio.o)
                0x000825c8                __sread
 .text.__swrite
                0x000825ec       0x3c c:/program files (x86)/atmel/studio/7.0/toolchain/arm/arm-gnu-toolchain/bin/../lib/gcc/arm-none-eabi/5.3.1/../../../../arm-none-eabi/lib/armv7-m\libc.a(lib_a-stdio.o)
                0x000825ec                __swrite
 .text.__sseek  0x00082628       0x20 c:/program files (x86)/atmel/studio/7.0/toolchain/arm/arm-gnu-toolchain/bin/../lib/gcc/arm-none-eabi/5.3.1/../../../../arm-none-eabi/lib/armv7-m\libc.a(lib_a-stdio.o)
                0x00082628                __sseek
 .text.__sclose
                0x00082648        0x8 c:/program files (x86)/atmel/studio/7.0/toolchain/arm/arm-gnu-toolchain/bin/../lib/gcc/arm-none-eabi/5.3.1/../../../../arm-none-eabi/lib/armv7-m\libc.a(lib_a-stdio.o)
                0x00082648                __sclose
 .text._write_r
                0x00082650       0x2c c:/program files (x86)/atmel/studio/7.0/toolchain/arm/arm-gnu-toolchain/bin/../lib/gcc/arm-none-eabi/5.3.1/../../../../arm-none-eabi/lib/armv7-m\libc.a(lib_a-writer.o)
                0x00082650                _write_r
 .text.__register_exitproc
                0x0008267c       0xa4 c:/program files (x86)/atmel/studio/7.0/toolchain/arm/arm-gnu-toolchain/bin/../lib/gcc/arm-none-eabi/5.3.1/../../../../arm-none-eabi/lib/armv7-m\libc.a(lib_a-__atexit.o)
                0x0008267c                __register_exitproc
 .text._close_r
                0x00082720       0x24 c:/program files (x86)/atmel/studio/7.0/toolchain/arm/arm-gnu-toolchain/bin/../lib/gcc/arm-none-eabi/5.3.1/../../../../arm-none-eabi/lib/armv7-m\libc.a(lib_a-closer.o)
                0x00082720                _close_r
 .text._fclose_r
                0x00082744       0x84 c:/program files (x86)/atmel/studio/7.0/toolchain/arm/arm-gnu-toolchain/bin/../lib/gcc/arm-none-eabi/5.3.1/../../../../arm-none-eabi/lib/armv7-m\libc.a(lib_a-fclose.o)
                0x00082744                _fclose_r
 .text._fstat_r
                0x000827c8       0x28 c:/program files (x86)/atmel/studio/7.0/toolchain/arm/arm-gnu-toolchain/bin/../lib/gcc/arm-none-eabi/5.3.1/../../../../arm-none-eabi/lib/armv7-m\libc.a(lib_a-fstatr.o)
                0x000827c8                _fstat_r
 .text._isatty_r
                0x000827f0       0x24 c:/program files (x86)/atmel/studio/7.0/toolchain/arm/arm-gnu-toolchain/bin/../lib/gcc/arm-none-eabi/5.3.1/../../../../arm-none-eabi/lib/armv7-m\libc.a(lib_a-isattyr.o)
                0x000827f0                _isatty_r
 .text._lseek_r
                0x00082814       0x2c c:/program files (x86)/atmel/studio/7.0/toolchain/arm/arm-gnu-toolchain/bin/../lib/gcc/arm-none-eabi/5.3.1/../../../../arm-none-eabi/lib/armv7-m\libc.a(lib_a-lseekr.o)
                0x00082814                _lseek_r
 .text._read_r  0x00082840       0x2c c:/program files (x86)/atmel/studio/7.0/toolchain/arm/arm-gnu-toolchain/bin/../lib/gcc/arm-none-eabi/5.3.1/../../../../arm-none-eabi/lib/armv7-m\libc.a(lib_a-readr.o)
                0x00082840                _read_r
 *(.glue_7t)
 .glue_7t       0x0008286c        0x0 linker stubs
 *(.glue_7)
 .glue_7        0x0008286c        0x0 linker stubs
 *(.rodata .rodata* .gnu.linkonce.r.*)
 .rodata.str1.4
                0x0008286c        0x2 src/main.o
 *fill*         0x0008286e        0x2 
 .rodata.str1.4
                0x00082870        0x2 c:/program files (x86)/atmel/studio/7.0/toolchain/arm/arm-gnu-toolchain/bin/../lib/gcc/arm-none-eabi/5.3.1/../../../../arm-none-eabi/lib/armv7-m\libc.a(lib_a-impure.o)
 *fill*         0x00082872        0x2 
 .rodata._global_impure_ptr
                0x00082874        0x4 c:/program files (x86)/atmel/studio/7.0/toolchain/arm/arm-gnu-toolchain/bin/../lib/gcc/arm-none-eabi/5.3.1/../../../../arm-none-eabi/lib/armv7-m\libc.a(lib_a-impure.o)
                0x00082874                _global_impure_ptr
 .rodata.str1.4
                0x00082878        0x4 c:/program files (x86)/atmel/studio/7.0/toolchain/arm/arm-gnu-toolchain/bin/../lib/gcc/arm-none-eabi/5.3.1/../../../../arm-none-eabi/lib/armv7-m\libc.a(lib_a-puts.o)
                                  0x2 (size before relaxing)
 *(.ARM.extab* .gnu.linkonce.armextab.*)
                0x0008287c                . = ALIGN (0x4)
 *(.init)
 .init          0x0008287c        0x4 c:/program files (x86)/atmel/studio/7.0/toolchain/arm/arm-gnu-toolchain/bin/../lib/gcc/arm-none-eabi/5.3.1/armv7-m/crti.o
                0x0008287c                _init
 .init          0x00082880        0x8 c:/program files (x86)/atmel/studio/7.0/toolchain/arm/arm-gnu-toolchain/bin/../lib/gcc/arm-none-eabi/5.3.1/armv7-m/crtn.o
                0x00082888                . = ALIGN (0x4)
                0x00082888                __preinit_array_start = .
 *(.preinit_array)
                0x00082888                __preinit_array_end = .
                0x00082888                . = ALIGN (0x4)
                0x00082888                __init_array_start = .
 *(SORT(.init_array.*))
 .init_array.00000
                0x00082888        0x4 c:/program files (x86)/atmel/studio/7.0/toolchain/arm/arm-gnu-toolchain/bin/../lib/gcc/arm-none-eabi/5.3.1/../../../../arm-none-eabi/lib/armv7-m\libc.a(lib_a-__call_atexit.o)
 *(.init_array)
 .init_array    0x0008288c        0x4 c:/program files (x86)/atmel/studio/7.0/toolchain/arm/arm-gnu-toolchain/bin/../lib/gcc/arm-none-eabi/5.3.1/armv7-m/crtbegin.o
                0x00082890                __init_array_end = .
                0x00082890                . = ALIGN (0x4)
 *crtbegin.o(.ctors)
 *(EXCLUDE_FILE(*crtend.o) .ctors)
 *(SORT(.ctors.*))
 *crtend.o(.ctors)
                0x00082890                . = ALIGN (0x4)
 *(.fini)
 .fini          0x00082890        0x4 c:/program files (x86)/atmel/studio/7.0/toolchain/arm/arm-gnu-toolchain/bin/../lib/gcc/arm-none-eabi/5.3.1/armv7-m/crti.o
                0x00082890                _fini
 .fini          0x00082894        0x8 c:/program files (x86)/atmel/studio/7.0/toolchain/arm/arm-gnu-toolchain/bin/../lib/gcc/arm-none-eabi/5.3.1/armv7-m/crtn.o
                0x0008289c                . = ALIGN (0x4)
                0x0008289c                __fini_array_start = .
 *(.fini_array)
 .fini_array    0x0008289c        0x4 c:/program files (x86)/atmel/studio/7.0/toolchain/arm/arm-gnu-toolchain/bin/../lib/gcc/arm-none-eabi/5.3.1/armv7-m/crtbegin.o
 *(SORT(.fini_array.*))
                0x000828a0                __fini_array_end = .
 *crtbegin.o(.dtors)
 *(EXCLUDE_FILE(*crtend.o) .dtors)
 *(SORT(.dtors.*))
 *crtend.o(.dtors)
                0x000828a0                . = ALIGN (0x4)
                0x000828a0                _efixed = .
                [!provide]                PROVIDE (__exidx_start, .)

.vfp11_veneer   0x000828a0        0x0
 .vfp11_veneer  0x000828a0        0x0 linker stubs

.v4_bx          0x000828a0        0x0
 .v4_bx         0x000828a0        0x0 linker stubs

.iplt           0x000828a0        0x0
 .iplt          0x000828a0        0x0 c:/program files (x86)/atmel/studio/7.0/toolchain/arm/arm-gnu-toolchain/bin/../lib/gcc/arm-none-eabi/5.3.1/armv7-m/crtbegin.o

.eh_frame       0x000828a0        0x0
 .eh_frame      0x000828a0        0x0 c:/program files (x86)/atmel/studio/7.0/toolchain/arm/arm-gnu-toolchain/bin/../lib/gcc/arm-none-eabi/5.3.1/armv7-m/crtbegin.o

.rel.dyn        0x000828a0        0x0
 .rel.iplt      0x000828a0        0x0 c:/program files (x86)/atmel/studio/7.0/toolchain/arm/arm-gnu-toolchain/bin/../lib/gcc/arm-none-eabi/5.3.1/armv7-m/crtbegin.o

.jcr            0x000828a0        0x0
 .jcr           0x000828a0        0x0 c:/program files (x86)/atmel/studio/7.0/toolchain/arm/arm-gnu-toolchain/bin/../lib/gcc/arm-none-eabi/5.3.1/armv7-m/crtbegin.o

.igot.plt       0x000828a0        0x0
 .igot.plt      0x000828a0        0x0 c:/program files (x86)/atmel/studio/7.0/toolchain/arm/arm-gnu-toolchain/bin/../lib/gcc/arm-none-eabi/5.3.1/armv7-m/crtbegin.o

.ARM.exidx
 *(.ARM.exidx* .gnu.linkonce.armexidx.*)
                [!provide]                PROVIDE (__exidx_end, .)
                0x000828a0                . = ALIGN (0x4)
                0x000828a0                _etext = .

.relocate       0x20070000      0x96c load address 0x000828a0
                0x20070000                . = ALIGN (0x4)
                0x20070000                _srelocate = .
 *(.ramfunc .ramfunc.*)
 .ramfunc       0x20070000      0x12c src/ASF/sam/utils/cmsis/sam3x/source/templates/system_sam3x.o
                0x20070000                SystemInit
                0x200700a4                system_init_flash
 *(.data .data.*)
 .data.SystemCoreClock
                0x2007012c        0x4 src/ASF/sam/utils/cmsis/sam3x/source/templates/system_sam3x.o
                0x2007012c                SystemCoreClock
 .data.impure_data
                0x20070130      0x428 c:/program files (x86)/atmel/studio/7.0/toolchain/arm/arm-gnu-toolchain/bin/../lib/gcc/arm-none-eabi/5.3.1/../../../../arm-none-eabi/lib/armv7-m\libc.a(lib_a-impure.o)
 .data._impure_ptr
                0x20070558        0x4 c:/program files (x86)/atmel/studio/7.0/toolchain/arm/arm-gnu-toolchain/bin/../lib/gcc/arm-none-eabi/5.3.1/../../../../arm-none-eabi/lib/armv7-m\libc.a(lib_a-impure.o)
                0x20070558                _impure_ptr
 .data.__malloc_av_
                0x2007055c      0x408 c:/program files (x86)/atmel/studio/7.0/toolchain/arm/arm-gnu-toolchain/bin/../lib/gcc/arm-none-eabi/5.3.1/../../../../arm-none-eabi/lib/armv7-m\libc.a(lib_a-mallocr.o)
                0x2007055c                __malloc_av_
 .data.__malloc_trim_threshold
                0x20070964        0x4 c:/program files (x86)/atmel/studio/7.0/toolchain/arm/arm-gnu-toolchain/bin/../lib/gcc/arm-none-eabi/5.3.1/../../../../arm-none-eabi/lib/armv7-m\libc.a(lib_a-mallocr.o)
                0x20070964                __malloc_trim_threshold
 .data.__malloc_sbrk_base
                0x20070968        0x4 c:/program files (x86)/atmel/studio/7.0/toolchain/arm/arm-gnu-toolchain/bin/../lib/gcc/arm-none-eabi/5.3.1/../../../../arm-none-eabi/lib/armv7-m\libc.a(lib_a-mallocr.o)
                0x20070968                __malloc_sbrk_base
                0x2007096c                . = ALIGN (0x4)
                0x2007096c                _erelocate = .

.bss            0x2007096c       0xd4 load address 0x0008320c
                0x2007096c                . = ALIGN (0x4)
                0x2007096c                _sbss = .
                0x2007096c                _szero = .
 *(.bss .bss.*)
 .bss           0x2007096c       0x1c c:/program files (x86)/atmel/studio/7.0/toolchain/arm/arm-gnu-toolchain/bin/../lib/gcc/arm-none-eabi/5.3.1/armv7-m/crtbegin.o
 .bss.gs_interrupt_sources
                0x20070988       0x70 src/ASF/sam/drivers/pio/pio_handler.o
 .bss.heap.5287
                0x200709f8        0x4 src/ASF/sam/utils/syscalls/gcc/syscalls.o
 .bss.__malloc_max_total_mem
                0x200709fc        0x4 c:/program files (x86)/atmel/studio/7.0/toolchain/arm/arm-gnu-toolchain/bin/../lib/gcc/arm-none-eabi/5.3.1/../../../../arm-none-eabi/lib/armv7-m\libc.a(lib_a-mallocr.o)
                0x200709fc                __malloc_max_total_mem
 .bss.__malloc_max_sbrked_mem
                0x20070a00        0x4 c:/program files (x86)/atmel/studio/7.0/toolchain/arm/arm-gnu-toolchain/bin/../lib/gcc/arm-none-eabi/5.3.1/../../../../arm-none-eabi/lib/armv7-m\libc.a(lib_a-mallocr.o)
                0x20070a00                __malloc_max_sbrked_mem
 .bss.__malloc_top_pad
                0x20070a04        0x4 c:/program files (x86)/atmel/studio/7.0/toolchain/arm/arm-gnu-toolchain/bin/../lib/gcc/arm-none-eabi/5.3.1/../../../../arm-none-eabi/lib/armv7-m\libc.a(lib_a-mallocr.o)
                0x20070a04                __malloc_top_pad
 .bss.__malloc_current_mallinfo
                0x20070a08       0x28 c:/program files (x86)/atmel/studio/7.0/toolchain/arm/arm-gnu-toolchain/bin/../lib/gcc/arm-none-eabi/5.3.1/../../../../arm-none-eabi/lib/armv7-m\libc.a(lib_a-mallocr.o)
                0x20070a08                __malloc_current_mallinfo
 *(COMMON)
 COMMON         0x20070a30        0x4 src/ASF/common/utils/stdio/read.o
                0x20070a30                ptr_get
 COMMON         0x20070a34        0x8 src/ASF/common/utils/stdio/write.o
                0x20070a34                ptr_put
                0x20070a38                stdio_base
 COMMON         0x20070a3c        0x4 c:/program files (x86)/atmel/studio/7.0/toolchain/arm/arm-gnu-toolchain/bin/../lib/gcc/arm-none-eabi/5.3.1/../../../../arm-none-eabi/lib/armv7-m\libc.a(lib_a-reent.o)
                0x20070a3c                errno
                0x20070a40                . = ALIGN (0x4)
                0x20070a40                _ebss = .
                0x20070a40                _ezero = .

.stack          0x20070a40     0x2000 load address 0x000832e0
                0x20070a40                . = ALIGN (0x8)
                0x20070a40                _sstack = .
                0x20072a40                . = (. + __stack_size__)
 *fill*         0x20070a40     0x2000 
                0x20072a40                . = ALIGN (0x8)
                0x20072a40                _estack = .
                0x20072a40                . = ALIGN (0x4)
                0x20072a40                _end = .
OUTPUT(usart_com_port.elf elf32-littlearm)

.ARM.attributes
                0x00000000       0x29
 .ARM.attributes
                0x00000000       0x1d c:/program files (x86)/atmel/studio/7.0/toolchain/arm/arm-gnu-toolchain/bin/../lib/gcc/arm-none-eabi/5.3.1/armv7-m/crti.o
 .ARM.attributes
                0x0000001d       0x2d c:/program files (x86)/atmel/studio/7.0/toolchain/arm/arm-gnu-toolchain/bin/../lib/gcc/arm-none-eabi/5.3.1/armv7-m/crtbegin.o
 .ARM.attributes
                0x0000004a       0x33 src/ASF/common/utils/stdio/read.o
 .ARM.attributes
                0x0000007d       0x33 src/ASF/common/utils/stdio/write.o
 .ARM.attributes
                0x000000b0       0x33 src/ASF/sam/drivers/uart/uart.o
 .ARM.attributes
                0x000000e3       0x33 src/ASF/sam/drivers/usart/usart.o
 .ARM.attributes
                0x00000116       0x33 src/ASF/common/services/clock/sam3x/sysclk.o
 .ARM.attributes
                0x00000149       0x33 src/ASF/sam/boards/arduino_due_x/init.o
 .ARM.attributes
                0x0000017c       0x33 src/ASF/sam/drivers/pio/pio.o
 .ARM.attributes
                0x000001af       0x33 src/ASF/sam/drivers/pio/pio_handler.o
 .ARM.attributes
                0x000001e2       0x33 src/ASF/sam/drivers/pmc/pmc.o
 .ARM.attributes
                0x00000215       0x33 src/ASF/sam/utils/cmsis/sam3x/source/templates/exceptions.o
 .ARM.attributes
                0x00000248       0x33 src/ASF/sam/utils/cmsis/sam3x/source/templates/gcc/startup_sam3x.o
 .ARM.attributes
                0x0000027b       0x33 src/ASF/sam/utils/cmsis/sam3x/source/templates/system_sam3x.o
 .ARM.attributes
                0x000002ae       0x33 src/ASF/sam/utils/syscalls/gcc/syscalls.o
 .ARM.attributes
                0x000002e1       0x33 src/main.o
 .ARM.attributes
                0x00000314       0x2d c:/program files (x86)/atmel/studio/7.0/toolchain/arm/arm-gnu-toolchain/bin/../lib/gcc/arm-none-eabi/5.3.1/../../../../arm-none-eabi/lib/armv7-m\libc.a(lib_a-impure.o)
 .ARM.attributes
                0x00000341       0x2d c:/program files (x86)/atmel/studio/7.0/toolchain/arm/arm-gnu-toolchain/bin/../lib/gcc/arm-none-eabi/5.3.1/../../../../arm-none-eabi/lib/armv7-m\libc.a(lib_a-init.o)
 .ARM.attributes
                0x0000036e       0x2d c:/program files (x86)/atmel/studio/7.0/toolchain/arm/arm-gnu-toolchain/bin/../lib/gcc/arm-none-eabi/5.3.1/../../../../arm-none-eabi/lib/armv7-m\libc.a(lib_a-memset.o)
 .ARM.attributes
                0x0000039b       0x2d c:/program files (x86)/atmel/studio/7.0/toolchain/arm/arm-gnu-toolchain/bin/../lib/gcc/arm-none-eabi/5.3.1/../../../../arm-none-eabi/lib/armv7-m\libc.a(lib_a-puts.o)
 .ARM.attributes
                0x000003c8       0x2d c:/program files (x86)/atmel/studio/7.0/toolchain/arm/arm-gnu-toolchain/bin/../lib/gcc/arm-none-eabi/5.3.1/../../../../arm-none-eabi/lib/armv7-m\libc.a(lib_a-setbuf.o)
 .ARM.attributes
                0x000003f5       0x2d c:/program files (x86)/atmel/studio/7.0/toolchain/arm/arm-gnu-toolchain/bin/../lib/gcc/arm-none-eabi/5.3.1/../../../../arm-none-eabi/lib/armv7-m\libc.a(lib_a-setvbuf.o)
 .ARM.attributes
                0x00000422       0x2d c:/program files (x86)/atmel/studio/7.0/toolchain/arm/arm-gnu-toolchain/bin/../lib/gcc/arm-none-eabi/5.3.1/../../../../arm-none-eabi/lib/armv7-m\libc.a(lib_a-strlen-stub.o)
 .ARM.attributes
                0x0000044f       0x2d c:/program files (x86)/atmel/studio/7.0/toolchain/arm/arm-gnu-toolchain/bin/../lib/gcc/arm-none-eabi/5.3.1/../../../../arm-none-eabi/lib/armv7-m\libc.a(lib_a-wbuf.o)
 .ARM.attributes
                0x0000047c       0x2d c:/program files (x86)/atmel/studio/7.0/toolchain/arm/arm-gnu-toolchain/bin/../lib/gcc/arm-none-eabi/5.3.1/../../../../arm-none-eabi/lib/armv7-m\libc.a(lib_a-wsetup.o)
 .ARM.attributes
                0x000004a9       0x2d c:/program files (x86)/atmel/studio/7.0/toolchain/arm/arm-gnu-toolchain/bin/../lib/gcc/arm-none-eabi/5.3.1/../../../../arm-none-eabi/lib/armv7-m\libc.a(lib_a-__call_atexit.o)
 .ARM.attributes
                0x000004d6       0x2d c:/program files (x86)/atmel/studio/7.0/toolchain/arm/arm-gnu-toolchain/bin/../lib/gcc/arm-none-eabi/5.3.1/../../../../arm-none-eabi/lib/armv7-m\libc.a(lib_a-atexit.o)
 .ARM.attributes
                0x00000503       0x2d c:/program files (x86)/atmel/studio/7.0/toolchain/arm/arm-gnu-toolchain/bin/../lib/gcc/arm-none-eabi/5.3.1/../../../../arm-none-eabi/lib/armv7-m\libc.a(lib_a-fflush.o)
 .ARM.attributes
                0x00000530       0x2d c:/program files (x86)/atmel/studio/7.0/toolchain/arm/arm-gnu-toolchain/bin/../lib/gcc/arm-none-eabi/5.3.1/../../../../arm-none-eabi/lib/armv7-m\libc.a(lib_a-findfp.o)
 .ARM.attributes
                0x0000055d       0x2d c:/program files (x86)/atmel/studio/7.0/toolchain/arm/arm-gnu-toolchain/bin/../lib/gcc/arm-none-eabi/5.3.1/../../../../arm-none-eabi/lib/armv7-m\libc.a(lib_a-fini.o)
 .ARM.attributes
                0x0000058a       0x2d c:/program files (x86)/atmel/studio/7.0/toolchain/arm/arm-gnu-toolchain/bin/../lib/gcc/arm-none-eabi/5.3.1/../../../../arm-none-eabi/lib/armv7-m\libc.a(lib_a-freer.o)
 .ARM.attributes
                0x000005b7       0x2d c:/program files (x86)/atmel/studio/7.0/toolchain/arm/arm-gnu-toolchain/bin/../lib/gcc/arm-none-eabi/5.3.1/../../../../arm-none-eabi/lib/armv7-m\libc.a(lib_a-fvwrite.o)
 .ARM.attributes
                0x000005e4       0x2d c:/program files (x86)/atmel/studio/7.0/toolchain/arm/arm-gnu-toolchain/bin/../lib/gcc/arm-none-eabi/5.3.1/../../../../arm-none-eabi/lib/armv7-m\libc.a(lib_a-fwalk.o)
 .ARM.attributes
                0x00000611       0x2d c:/program files (x86)/atmel/studio/7.0/toolchain/arm/arm-gnu-toolchain/bin/../lib/gcc/arm-none-eabi/5.3.1/../../../../arm-none-eabi/lib/armv7-m\libc.a(lib_a-makebuf.o)
 .ARM.attributes
                0x0000063e       0x2d c:/program files (x86)/atmel/studio/7.0/toolchain/arm/arm-gnu-toolchain/bin/../lib/gcc/arm-none-eabi/5.3.1/../../../../arm-none-eabi/lib/armv7-m\libc.a(lib_a-malloc.o)
 .ARM.attributes
                0x0000066b       0x2d c:/program files (x86)/atmel/studio/7.0/toolchain/arm/arm-gnu-toolchain/bin/../lib/gcc/arm-none-eabi/5.3.1/../../../../arm-none-eabi/lib/armv7-m\libc.a(lib_a-mallocr.o)
 .ARM.attributes
                0x00000698       0x2d c:/program files (x86)/atmel/studio/7.0/toolchain/arm/arm-gnu-toolchain/bin/../lib/gcc/arm-none-eabi/5.3.1/../../../../arm-none-eabi/lib/armv7-m\libc.a(lib_a-memchr-stub.o)
 .ARM.attributes
                0x000006c5       0x1b c:/program files (x86)/atmel/studio/7.0/toolchain/arm/arm-gnu-toolchain/bin/../lib/gcc/arm-none-eabi/5.3.1/../../../../arm-none-eabi/lib/armv7-m\libc.a(lib_a-memcpy.o)
 .ARM.attributes
                0x000006e0       0x2d c:/program files (x86)/atmel/studio/7.0/toolchain/arm/arm-gnu-toolchain/bin/../lib/gcc/arm-none-eabi/5.3.1/../../../../arm-none-eabi/lib/armv7-m\libc.a(lib_a-memmove.o)
 .ARM.attributes
                0x0000070d       0x2d c:/program files (x86)/atmel/studio/7.0/toolchain/arm/arm-gnu-toolchain/bin/../lib/gcc/arm-none-eabi/5.3.1/../../../../arm-none-eabi/lib/armv7-m\libc.a(lib_a-mlock.o)
 .ARM.attributes
                0x0000073a       0x2d c:/program files (x86)/atmel/studio/7.0/toolchain/arm/arm-gnu-toolchain/bin/../lib/gcc/arm-none-eabi/5.3.1/../../../../arm-none-eabi/lib/armv7-m\libc.a(lib_a-reallocr.o)
 .ARM.attributes
                0x00000767       0x2d c:/program files (x86)/atmel/studio/7.0/toolchain/arm/arm-gnu-toolchain/bin/../lib/gcc/arm-none-eabi/5.3.1/../../../../arm-none-eabi/lib/armv7-m\libc.a(lib_a-sbrkr.o)
 .ARM.attributes
                0x00000794       0x2d c:/program files (x86)/atmel/studio/7.0/toolchain/arm/arm-gnu-toolchain/bin/../lib/gcc/arm-none-eabi/5.3.1/../../../../arm-none-eabi/lib/armv7-m\libc.a(lib_a-stdio.o)
 .ARM.attributes
                0x000007c1       0x2d c:/program files (x86)/atmel/studio/7.0/toolchain/arm/arm-gnu-toolchain/bin/../lib/gcc/arm-none-eabi/5.3.1/../../../../arm-none-eabi/lib/armv7-m\libc.a(lib_a-writer.o)
 .ARM.attributes
                0x000007ee       0x2d c:/program files (x86)/atmel/studio/7.0/toolchain/arm/arm-gnu-toolchain/bin/../lib/gcc/arm-none-eabi/5.3.1/../../../../arm-none-eabi/lib/armv7-m\libc.a(lib_a-__atexit.o)
 .ARM.attributes
                0x0000081b       0x2d c:/program files (x86)/atmel/studio/7.0/toolchain/arm/arm-gnu-toolchain/bin/../lib/gcc/arm-none-eabi/5.3.1/../../../../arm-none-eabi/lib/armv7-m\libc.a(lib_a-closer.o)
 .ARM.attributes
                0x00000848       0x2d c:/program files (x86)/atmel/studio/7.0/toolchain/arm/arm-gnu-toolchain/bin/../lib/gcc/arm-none-eabi/5.3.1/../../../../arm-none-eabi/lib/armv7-m\libc.a(lib_a-fclose.o)
 .ARM.attributes
                0x00000875       0x2d c:/program files (x86)/atmel/studio/7.0/toolchain/arm/arm-gnu-toolchain/bin/../lib/gcc/arm-none-eabi/5.3.1/../../../../arm-none-eabi/lib/armv7-m\libc.a(lib_a-fstatr.o)
 .ARM.attributes
                0x000008a2       0x2d c:/program files (x86)/atmel/studio/7.0/toolchain/arm/arm-gnu-toolchain/bin/../lib/gcc/arm-none-eabi/5.3.1/../../../../arm-none-eabi/lib/armv7-m\libc.a(lib_a-isattyr.o)
 .ARM.attributes
                0x000008cf       0x2d c:/program files (x86)/atmel/studio/7.0/toolchain/arm/arm-gnu-toolchain/bin/../lib/gcc/arm-none-eabi/5.3.1/../../../../arm-none-eabi/lib/armv7-m\libc.a(lib_a-lseekr.o)
 .ARM.attributes
                0x000008fc       0x2d c:/program files (x86)/atmel/studio/7.0/toolchain/arm/arm-gnu-toolchain/bin/../lib/gcc/arm-none-eabi/5.3.1/../../../../arm-none-eabi/lib/armv7-m\libc.a(lib_a-readr.o)
 .ARM.attributes
                0x00000929       0x2d c:/program files (x86)/atmel/studio/7.0/toolchain/arm/arm-gnu-toolchain/bin/../lib/gcc/arm-none-eabi/5.3.1/../../../../arm-none-eabi/lib/armv7-m\libc.a(lib_a-reent.o)
 .ARM.attributes
                0x00000956       0x1d c:/program files (x86)/atmel/studio/7.0/toolchain/arm/arm-gnu-toolchain/bin/../lib/gcc/arm-none-eabi/5.3.1/armv7-m/crtn.o

.comment        0x00000000       0x59
 .comment       0x00000000       0x59 src/ASF/common/utils/stdio/read.o
                                 0x5a (size before relaxing)
 .comment       0x00000059       0x5a src/ASF/common/utils/stdio/write.o
 .comment       0x00000059       0x5a src/ASF/sam/drivers/uart/uart.o
 .comment       0x00000059       0x5a src/ASF/sam/drivers/usart/usart.o
 .comment       0x00000059       0x5a src/ASF/common/services/clock/sam3x/sysclk.o
 .comment       0x00000059       0x5a src/ASF/sam/boards/arduino_due_x/init.o
 .comment       0x00000059       0x5a src/ASF/sam/drivers/pio/pio.o
 .comment       0x00000059       0x5a src/ASF/sam/drivers/pio/pio_handler.o
 .comment       0x00000059       0x5a src/ASF/sam/drivers/pmc/pmc.o
 .comment       0x00000059       0x5a src/ASF/sam/utils/cmsis/sam3x/source/templates/exceptions.o
 .comment       0x00000059       0x5a src/ASF/sam/utils/cmsis/sam3x/source/templates/gcc/startup_sam3x.o
 .comment       0x00000059       0x5a src/ASF/sam/utils/cmsis/sam3x/source/templates/system_sam3x.o
 .comment       0x00000059       0x5a src/ASF/sam/utils/syscalls/gcc/syscalls.o
 .comment       0x00000059       0x5a src/main.o

.debug_info     0x00000000     0x8c0d
 .debug_info    0x00000000      0x1bb src/ASF/common/utils/stdio/read.o
 .debug_info    0x000001bb      0x1c0 src/ASF/common/utils/stdio/write.o
 .debug_info    0x0000037b      0x889 src/ASF/sam/drivers/uart/uart.o
 .debug_info    0x00000c04     0x1c04 src/ASF/sam/drivers/usart/usart.o
 .debug_info    0x00002808      0x79d src/ASF/common/services/clock/sam3x/sysclk.o
 .debug_info    0x00002fa5      0x767 src/ASF/sam/boards/arduino_due_x/init.o
 .debug_info    0x0000370c     0x1384 src/ASF/sam/drivers/pio/pio.o
 .debug_info    0x00004a90      0xe6a src/ASF/sam/drivers/pio/pio_handler.o
 .debug_info    0x000058fa     0x1097 src/ASF/sam/drivers/pmc/pmc.o
 .debug_info    0x00006991      0x125 src/ASF/sam/utils/cmsis/sam3x/source/templates/exceptions.o
 .debug_info    0x00006ab6      0x3d3 src/ASF/sam/utils/cmsis/sam3x/source/templates/gcc/startup_sam3x.o
 .debug_info    0x00006e89      0x4c6 src/ASF/sam/utils/cmsis/sam3x/source/templates/system_sam3x.o
 .debug_info    0x0000734f      0x440 src/ASF/sam/utils/syscalls/gcc/syscalls.o
 .debug_info    0x0000778f     0x147e src/main.o

.debug_abbrev   0x00000000     0x1a16
 .debug_abbrev  0x00000000      0x101 src/ASF/common/utils/stdio/read.o
 .debug_abbrev  0x00000101       0xf5 src/ASF/common/utils/stdio/write.o
 .debug_abbrev  0x000001f6      0x1bd src/ASF/sam/drivers/uart/uart.o
 .debug_abbrev  0x000003b3      0x325 src/ASF/sam/drivers/usart/usart.o
 .debug_abbrev  0x000006d8      0x241 src/ASF/common/services/clock/sam3x/sysclk.o
 .debug_abbrev  0x00000919      0x17a src/ASF/sam/boards/arduino_due_x/init.o
 .debug_abbrev  0x00000a93      0x2de src/ASF/sam/drivers/pio/pio.o
 .debug_abbrev  0x00000d71      0x262 src/ASF/sam/drivers/pio/pio_handler.o
 .debug_abbrev  0x00000fd3      0x268 src/ASF/sam/drivers/pmc/pmc.o
 .debug_abbrev  0x0000123b       0x8f src/ASF/sam/utils/cmsis/sam3x/source/templates/exceptions.o
 .debug_abbrev  0x000012ca      0x11b src/ASF/sam/utils/cmsis/sam3x/source/templates/gcc/startup_sam3x.o
 .debug_abbrev  0x000013e5      0x115 src/ASF/sam/utils/cmsis/sam3x/source/templates/system_sam3x.o
 .debug_abbrev  0x000014fa      0x151 src/ASF/sam/utils/syscalls/gcc/syscalls.o
 .debug_abbrev  0x0000164b      0x3cb src/main.o

.debug_loc      0x00000000     0x3c48
 .debug_loc     0x00000000       0xd2 src/ASF/common/utils/stdio/read.o
 .debug_loc     0x000000d2      0x15d src/ASF/common/utils/stdio/write.o
 .debug_loc     0x0000022f      0x242 src/ASF/sam/drivers/uart/uart.o
 .debug_loc     0x00000471     0x119a src/ASF/sam/drivers/usart/usart.o
 .debug_loc     0x0000160b      0x183 src/ASF/common/services/clock/sam3x/sysclk.o
 .debug_loc     0x0000178e       0x70 src/ASF/sam/boards/arduino_due_x/init.o
 .debug_loc     0x000017fe      0xb2a src/ASF/sam/drivers/pio/pio.o
 .debug_loc     0x00002328      0x53e src/ASF/sam/drivers/pio/pio_handler.o
 .debug_loc     0x00002866      0xd57 src/ASF/sam/drivers/pmc/pmc.o
 .debug_loc     0x000035bd       0x5e src/ASF/sam/utils/cmsis/sam3x/source/templates/gcc/startup_sam3x.o
 .debug_loc     0x0000361b      0x12b src/ASF/sam/utils/syscalls/gcc/syscalls.o
 .debug_loc     0x00003746      0x502 src/main.o

.debug_aranges  0x00000000      0x8d8
 .debug_aranges
                0x00000000       0x20 src/ASF/common/utils/stdio/read.o
 .debug_aranges
                0x00000020       0x20 src/ASF/common/utils/stdio/write.o
 .debug_aranges
                0x00000040       0xe8 src/ASF/sam/drivers/uart/uart.o
 .debug_aranges
                0x00000128      0x2a8 src/ASF/sam/drivers/usart/usart.o
 .debug_aranges
                0x000003d0       0x40 src/ASF/common/services/clock/sam3x/sysclk.o
 .debug_aranges
                0x00000410       0x20 src/ASF/sam/boards/arduino_due_x/init.o
 .debug_aranges
                0x00000430      0x148 src/ASF/sam/drivers/pio/pio.o
 .debug_aranges
                0x00000578       0x58 src/ASF/sam/drivers/pio/pio_handler.o
 .debug_aranges
                0x000005d0      0x200 src/ASF/sam/drivers/pmc/pmc.o
 .debug_aranges
                0x000007d0       0x20 src/ASF/sam/utils/cmsis/sam3x/source/templates/exceptions.o
 .debug_aranges
                0x000007f0       0x20 src/ASF/sam/utils/cmsis/sam3x/source/templates/gcc/startup_sam3x.o
 .debug_aranges
                0x00000810       0x30 src/ASF/sam/utils/cmsis/sam3x/source/templates/system_sam3x.o
 .debug_aranges
                0x00000840       0x60 src/ASF/sam/utils/syscalls/gcc/syscalls.o
 .debug_aranges
                0x000008a0       0x38 src/main.o

.debug_ranges   0x00000000      0x830
 .debug_ranges  0x00000000       0x10 src/ASF/common/utils/stdio/read.o
 .debug_ranges  0x00000010       0x10 src/ASF/common/utils/stdio/write.o
 .debug_ranges  0x00000020       0xd8 src/ASF/sam/drivers/uart/uart.o
 .debug_ranges  0x000000f8      0x298 src/ASF/sam/drivers/usart/usart.o
 .debug_ranges  0x00000390       0x30 src/ASF/common/services/clock/sam3x/sysclk.o
 .debug_ranges  0x000003c0       0x10 src/ASF/sam/boards/arduino_due_x/init.o
 .debug_ranges  0x000003d0      0x138 src/ASF/sam/drivers/pio/pio.o
 .debug_ranges  0x00000508       0x48 src/ASF/sam/drivers/pio/pio_handler.o
 .debug_ranges  0x00000550      0x1f0 src/ASF/sam/drivers/pmc/pmc.o
 .debug_ranges  0x00000740       0x10 src/ASF/sam/utils/cmsis/sam3x/source/templates/exceptions.o
 .debug_ranges  0x00000750       0x10 src/ASF/sam/utils/cmsis/sam3x/source/templates/gcc/startup_sam3x.o
 .debug_ranges  0x00000760       0x20 src/ASF/sam/utils/cmsis/sam3x/source/templates/system_sam3x.o
 .debug_ranges  0x00000780       0x50 src/ASF/sam/utils/syscalls/gcc/syscalls.o
 .debug_ranges  0x000007d0       0x60 src/main.o

.debug_macro    0x00000000    0x165cb
 .debug_macro   0x00000000      0x525 src/ASF/common/utils/stdio/read.o
 .debug_macro   0x00000525      0x892 src/ASF/common/utils/stdio/read.o
 .debug_macro   0x00000db7      0x16d src/ASF/common/utils/stdio/read.o
 .debug_macro   0x00000f24      0x644 src/ASF/common/utils/stdio/read.o
 .debug_macro   0x00001568       0x76 src/ASF/common/utils/stdio/read.o
 .debug_macro   0x000015de       0x16 src/ASF/common/utils/stdio/read.o
 .debug_macro   0x000015f4      0x6e4 src/ASF/common/utils/stdio/read.o
 .debug_macro   0x00001cd8       0x22 src/ASF/common/utils/stdio/read.o
 .debug_macro   0x00001cfa       0x87 src/ASF/common/utils/stdio/read.o
 .debug_macro   0x00001d81       0x44 src/ASF/common/utils/stdio/read.o
 .debug_macro   0x00001dc5       0xfd src/ASF/common/utils/stdio/read.o
 .debug_macro   0x00001ec2       0x22 src/ASF/common/utils/stdio/read.o
 .debug_macro   0x00001ee4      0x1df src/ASF/common/utils/stdio/read.o
 .debug_macro   0x000020c3       0x20 src/ASF/common/utils/stdio/read.o
 .debug_macro   0x000020e3       0x3a src/ASF/common/utils/stdio/read.o
 .debug_macro   0x0000211d       0x2d src/ASF/common/utils/stdio/read.o
 .debug_macro   0x0000214a      0xbb1 src/ASF/common/utils/stdio/read.o
 .debug_macro   0x00002cfb      0xab6 src/ASF/common/utils/stdio/read.o
 .debug_macro   0x000037b1      0x569 src/ASF/common/utils/stdio/read.o
 .debug_macro   0x00003d1a      0x2b5 src/ASF/common/utils/stdio/read.o
 .debug_macro   0x00003fcf      0x31a src/ASF/common/utils/stdio/read.o
 .debug_macro   0x000042e9      0x74f src/ASF/common/utils/stdio/read.o
 .debug_macro   0x00004a38       0x82 src/ASF/common/utils/stdio/read.o
 .debug_macro   0x00004aba      0x57b src/ASF/common/utils/stdio/read.o
 .debug_macro   0x00005035       0x1c src/ASF/common/utils/stdio/read.o
 .debug_macro   0x00005051      0x6b7 src/ASF/common/utils/stdio/read.o
 .debug_macro   0x00005708      0x52d src/ASF/common/utils/stdio/read.o
 .debug_macro   0x00005c35       0xbe src/ASF/common/utils/stdio/read.o
 .debug_macro   0x00005cf3     0x2342 src/ASF/common/utils/stdio/read.o
 .debug_macro   0x00008035      0x85d src/ASF/common/utils/stdio/read.o
 .debug_macro   0x00008892      0xdc9 src/ASF/common/utils/stdio/read.o
 .debug_macro   0x0000965b       0x7c src/ASF/common/utils/stdio/read.o
 .debug_macro   0x000096d7      0x263 src/ASF/common/utils/stdio/read.o
 .debug_macro   0x0000993a       0x58 src/ASF/common/utils/stdio/read.o
 .debug_macro   0x00009992      0x9a7 src/ASF/common/utils/stdio/read.o
 .debug_macro   0x0000a339      0x248 src/ASF/common/utils/stdio/read.o
 .debug_macro   0x0000a581      0x4df src/ASF/common/utils/stdio/read.o
 .debug_macro   0x0000aa60      0x6b3 src/ASF/common/utils/stdio/read.o
 .debug_macro   0x0000b113      0x59f src/ASF/common/utils/stdio/read.o
 .debug_macro   0x0000b6b2       0x46 src/ASF/common/utils/stdio/read.o
 .debug_macro   0x0000b6f8      0x34d src/ASF/common/utils/stdio/read.o
 .debug_macro   0x0000ba45      0x28c src/ASF/common/utils/stdio/read.o
 .debug_macro   0x0000bcd1     0x14d7 src/ASF/common/utils/stdio/read.o
 .debug_macro   0x0000d1a8      0x7ba src/ASF/common/utils/stdio/read.o
 .debug_macro   0x0000d962       0x76 src/ASF/common/utils/stdio/read.o
 .debug_macro   0x0000d9d8       0x82 src/ASF/common/utils/stdio/read.o
 .debug_macro   0x0000da5a       0x76 src/ASF/common/utils/stdio/read.o
 .debug_macro   0x0000dad0       0x4c src/ASF/common/utils/stdio/read.o
 .debug_macro   0x0000db1c      0x105 src/ASF/common/utils/stdio/read.o
 .debug_macro   0x0000dc21      0x105 src/ASF/common/utils/stdio/read.o
 .debug_macro   0x0000dd26      0x105 src/ASF/common/utils/stdio/read.o
 .debug_macro   0x0000de2b       0x88 src/ASF/common/utils/stdio/read.o
 .debug_macro   0x0000deb3       0x88 src/ASF/common/utils/stdio/read.o
 .debug_macro   0x0000df3b      0x3b4 src/ASF/common/utils/stdio/read.o
 .debug_macro   0x0000e2ef       0xb8 src/ASF/common/utils/stdio/read.o
 .debug_macro   0x0000e3a7       0xb8 src/ASF/common/utils/stdio/read.o
 .debug_macro   0x0000e45f       0xb8 src/ASF/common/utils/stdio/read.o
 .debug_macro   0x0000e517       0xb8 src/ASF/common/utils/stdio/read.o
 .debug_macro   0x0000e5cf      0x2b8 src/ASF/common/utils/stdio/read.o
 .debug_macro   0x0000e887      0x125 src/ASF/common/utils/stdio/read.o
 .debug_macro   0x0000e9ac      0x225 src/ASF/common/utils/stdio/read.o
 .debug_macro   0x0000ebd1      0x225 src/ASF/common/utils/stdio/read.o
 .debug_macro   0x0000edf6       0x2e src/ASF/common/utils/stdio/read.o
 .debug_macro   0x0000ee24       0xac src/ASF/common/utils/stdio/read.o
 .debug_macro   0x0000eed0      0x14d src/ASF/common/utils/stdio/read.o
 .debug_macro   0x0000f01d       0x7c src/ASF/common/utils/stdio/read.o
 .debug_macro   0x0000f099      0x205 src/ASF/common/utils/stdio/read.o
 .debug_macro   0x0000f29e       0x64 src/ASF/common/utils/stdio/read.o
 .debug_macro   0x0000f302       0xa6 src/ASF/common/utils/stdio/read.o
 .debug_macro   0x0000f3a8       0x7c src/ASF/common/utils/stdio/read.o
 .debug_macro   0x0000f424       0x16 src/ASF/common/utils/stdio/read.o
 .debug_macro   0x0000f43a       0x22 src/ASF/common/utils/stdio/read.o
 .debug_macro   0x0000f45c       0x22 src/ASF/common/utils/stdio/read.o
 .debug_macro   0x0000f47e      0x115 src/ASF/common/utils/stdio/read.o
 .debug_macro   0x0000f593      0x115 src/ASF/common/utils/stdio/read.o
 .debug_macro   0x0000f6a8      0x115 src/ASF/common/utils/stdio/read.o
 .debug_macro   0x0000f7bd      0x115 src/ASF/common/utils/stdio/read.o
 .debug_macro   0x0000f8d2       0x1c src/ASF/common/utils/stdio/read.o
 .debug_macro   0x0000f8ee       0x2e src/ASF/common/utils/stdio/read.o
 .debug_macro   0x0000f91c       0x22 src/ASF/common/utils/stdio/read.o
 .debug_macro   0x0000f93e       0x1c src/ASF/common/utils/stdio/read.o
 .debug_macro   0x0000f95a       0x58 src/ASF/common/utils/stdio/read.o
 .debug_macro   0x0000f9b2       0x10 src/ASF/common/utils/stdio/read.o
 .debug_macro   0x0000f9c2      0x273 src/ASF/common/utils/stdio/read.o
 .debug_macro   0x0000fc35      0xd43 src/ASF/common/utils/stdio/read.o
 .debug_macro   0x00010978      0x131 src/ASF/common/utils/stdio/read.o
 .debug_macro   0x00010aa9       0x52 src/ASF/common/utils/stdio/read.o
 .debug_macro   0x00010afb       0x35 src/ASF/common/utils/stdio/read.o
 .debug_macro   0x00010b30       0x9c src/ASF/common/utils/stdio/read.o
 .debug_macro   0x00010bcc       0x16 src/ASF/common/utils/stdio/read.o
 .debug_macro   0x00010be2       0x35 src/ASF/common/utils/stdio/read.o
 .debug_macro   0x00010c17      0x330 src/ASF/common/utils/stdio/read.o
 .debug_macro   0x00010f47       0x10 src/ASF/common/utils/stdio/read.o
 .debug_macro   0x00010f57       0x52 src/ASF/common/utils/stdio/read.o
 .debug_macro   0x00010fa9       0x16 src/ASF/common/utils/stdio/read.o
 .debug_macro   0x00010fbf       0x43 src/ASF/common/utils/stdio/read.o
 .debug_macro   0x00011002      0x187 src/ASF/common/utils/stdio/read.o
 .debug_macro   0x00011189       0x22 src/ASF/common/utils/stdio/read.o
 .debug_macro   0x000111ab       0x3a src/ASF/common/utils/stdio/read.o
 .debug_macro   0x000111e5       0x10 src/ASF/common/utils/stdio/read.o
 .debug_macro   0x000111f5       0x40 src/ASF/common/utils/stdio/read.o
 .debug_macro   0x00011235       0x6c src/ASF/common/utils/stdio/read.o
 .debug_macro   0x000112a1       0x16 src/ASF/common/utils/stdio/read.o
 .debug_macro   0x000112b7      0x182 src/ASF/common/utils/stdio/read.o
 .debug_macro   0x00011439       0x22 src/ASF/common/utils/stdio/read.o
 .debug_macro   0x0001145b       0x16 src/ASF/common/utils/stdio/read.o
 .debug_macro   0x00011471       0x16 src/ASF/common/utils/stdio/read.o
 .debug_macro   0x00011487       0x29 src/ASF/common/utils/stdio/read.o
 .debug_macro   0x000114b0       0x75 src/ASF/common/utils/stdio/read.o
 .debug_macro   0x00011525       0x45 src/ASF/common/utils/stdio/read.o
 .debug_macro   0x0001156a      0x3ca src/ASF/common/utils/stdio/read.o
 .debug_macro   0x00011934      0x525 src/ASF/common/utils/stdio/write.o
 .debug_macro   0x00011e59      0x534 src/ASF/sam/drivers/uart/uart.o
 .debug_macro   0x0001238d       0x16 src/ASF/sam/drivers/uart/uart.o
 .debug_macro   0x000123a3      0x570 src/ASF/sam/drivers/usart/usart.o
 .debug_macro   0x00012913       0x28 src/ASF/sam/drivers/usart/usart.o
 .debug_macro   0x0001293b      0x5a5 src/ASF/common/services/clock/sam3x/sysclk.o
 .debug_macro   0x00012ee0      0x2a4 src/ASF/common/services/clock/sam3x/sysclk.o
 .debug_macro   0x00013184      0x5e8 src/ASF/sam/boards/arduino_due_x/init.o
 .debug_macro   0x0001376c       0x16 src/ASF/sam/boards/arduino_due_x/init.o
 .debug_macro   0x00013782       0x94 src/ASF/sam/boards/arduino_due_x/init.o
 .debug_macro   0x00013816       0x40 src/ASF/sam/boards/arduino_due_x/init.o
 .debug_macro   0x00013856       0x6a src/ASF/sam/boards/arduino_due_x/init.o
 .debug_macro   0x000138c0      0x540 src/ASF/sam/drivers/pio/pio.o
 .debug_macro   0x00013e00       0x8e src/ASF/sam/drivers/pio/pio.o
 .debug_macro   0x00013e8e      0x544 src/ASF/sam/drivers/pio/pio_handler.o
 .debug_macro   0x000143d2      0x53a src/ASF/sam/drivers/pmc/pmc.o
 .debug_macro   0x0001490c       0x58 src/ASF/sam/drivers/pmc/pmc.o
 .debug_macro   0x00014964      0x539 src/ASF/sam/utils/cmsis/sam3x/source/templates/exceptions.o
 .debug_macro   0x00014e9d      0x547 src/ASF/sam/utils/cmsis/sam3x/source/templates/gcc/startup_sam3x.o
 .debug_macro   0x000153e4      0x547 src/ASF/sam/utils/cmsis/sam3x/source/templates/system_sam3x.o
 .debug_macro   0x0001592b       0x26 src/ASF/sam/utils/cmsis/sam3x/source/templates/system_sam3x.o
 .debug_macro   0x00015951      0x19c src/ASF/sam/utils/syscalls/gcc/syscalls.o
 .debug_macro   0x00015aed       0x4c src/ASF/sam/utils/syscalls/gcc/syscalls.o
 .debug_macro   0x00015b39       0x8d src/ASF/sam/utils/syscalls/gcc/syscalls.o
 .debug_macro   0x00015bc6       0x4a src/ASF/sam/utils/syscalls/gcc/syscalls.o
 .debug_macro   0x00015c10       0x97 src/ASF/sam/utils/syscalls/gcc/syscalls.o
 .debug_macro   0x00015ca7       0xf6 src/ASF/sam/utils/syscalls/gcc/syscalls.o
 .debug_macro   0x00015d9d       0x52 src/ASF/sam/utils/syscalls/gcc/syscalls.o
 .debug_macro   0x00015def       0x16 src/ASF/sam/utils/syscalls/gcc/syscalls.o
 .debug_macro   0x00015e05       0x10 src/ASF/sam/utils/syscalls/gcc/syscalls.o
 .debug_macro   0x00015e15       0x41 src/ASF/sam/utils/syscalls/gcc/syscalls.o
 .debug_macro   0x00015e56      0x122 src/ASF/sam/utils/syscalls/gcc/syscalls.o
 .debug_macro   0x00015f78      0x653 src/main.o

.debug_line     0x00000000     0xae66
 .debug_line    0x00000000      0xb27 src/ASF/common/utils/stdio/read.o
 .debug_line    0x00000b27      0xb19 src/ASF/common/utils/stdio/write.o
 .debug_line    0x00001640      0xcd1 src/ASF/sam/drivers/uart/uart.o
 .debug_line    0x00002311     0x11e2 src/ASF/sam/drivers/usart/usart.o
 .debug_line    0x000034f3      0xc8a src/ASF/common/services/clock/sam3x/sysclk.o
 .debug_line    0x0000417d      0xd21 src/ASF/sam/boards/arduino_due_x/init.o
 .debug_line    0x00004e9e      0xe81 src/ASF/sam/drivers/pio/pio.o
 .debug_line    0x00005d1f      0xbca src/ASF/sam/drivers/pio/pio_handler.o
 .debug_line    0x000068e9     0x10ad src/ASF/sam/drivers/pmc/pmc.o
 .debug_line    0x00007996      0xaf7 src/ASF/sam/utils/cmsis/sam3x/source/templates/exceptions.o
 .debug_line    0x0000848d      0xb41 src/ASF/sam/utils/cmsis/sam3x/source/templates/gcc/startup_sam3x.o
 .debug_line    0x00008fce      0xb5f src/ASF/sam/utils/cmsis/sam3x/source/templates/system_sam3x.o
 .debug_line    0x00009b2d      0x3d0 src/ASF/sam/utils/syscalls/gcc/syscalls.o
 .debug_line    0x00009efd      0xf69 src/main.o

.debug_str      0x00000000    0x63622
 .debug_str     0x00000000    0x5bdf5 src/ASF/common/utils/stdio/read.o
                              0x5c109 (size before relaxing)
 .debug_str     0x0005bdf5       0x2e src/ASF/common/utils/stdio/write.o
                              0x5c10b (size before relaxing)
 .debug_str     0x0005be23      0x3f7 src/ASF/sam/drivers/uart/uart.o
                              0x5c4cf (size before relaxing)
 .debug_str     0x0005c21a      0xbc3 src/ASF/sam/drivers/usart/usart.o
                              0x5cd80 (size before relaxing)
 .debug_str     0x0005cddd     0x3eef src/ASF/common/services/clock/sam3x/sysclk.o
                              0x60038 (size before relaxing)
 .debug_str     0x00060ccc      0xa69 src/ASF/sam/boards/arduino_due_x/init.o
                              0x607f2 (size before relaxing)
 .debug_str     0x00061735      0x432 src/ASF/sam/drivers/pio/pio.o
                              0x5caae (size before relaxing)
 .debug_str     0x00061b67      0x466 src/ASF/sam/drivers/pio/pio_handler.o
                              0x5caf6 (size before relaxing)
 .debug_str     0x00061fcd      0x67e src/ASF/sam/drivers/pmc/pmc.o
                              0x5cb24 (size before relaxing)
 .debug_str     0x0006264b       0x4d src/ASF/sam/utils/cmsis/sam3x/source/templates/exceptions.o
                              0x5c123 (size before relaxing)
 .debug_str     0x00062698       0xb2 src/ASF/sam/utils/cmsis/sam3x/source/templates/gcc/startup_sam3x.o
                              0x5c1f8 (size before relaxing)
 .debug_str     0x0006274a      0x1cd src/ASF/sam/utils/cmsis/sam3x/source/templates/system_sam3x.o
                              0x5c40b (size before relaxing)
 .debug_str     0x00062917      0x74f src/ASF/sam/utils/syscalls/gcc/syscalls.o
                               0x698e (size before relaxing)
 .debug_str     0x00063066      0x5bc src/main.o
                              0x60f90 (size before relaxing)

.debug_frame    0x00000000     0x1bf0
 .debug_frame   0x00000000       0x48 src/ASF/common/utils/stdio/read.o
 .debug_frame   0x00000048       0x48 src/ASF/common/utils/stdio/write.o
 .debug_frame   0x00000090      0x1bc src/ASF/sam/drivers/uart/uart.o
 .debug_frame   0x0000024c      0x5cc src/ASF/sam/drivers/usart/usart.o
 .debug_frame   0x00000818       0x88 src/ASF/common/services/clock/sam3x/sysclk.o
 .debug_frame   0x000008a0       0x28 src/ASF/sam/boards/arduino_due_x/init.o
 .debug_frame   0x000008c8      0x2b8 src/ASF/sam/drivers/pio/pio.o
 .debug_frame   0x00000b80       0xf8 src/ASF/sam/drivers/pio/pio_handler.o
 .debug_frame   0x00000c78      0x450 src/ASF/sam/drivers/pmc/pmc.o
 .debug_frame   0x000010c8       0x20 src/ASF/sam/utils/cmsis/sam3x/source/templates/exceptions.o
 .debug_frame   0x000010e8       0x28 src/ASF/sam/utils/cmsis/sam3x/source/templates/gcc/startup_sam3x.o
 .debug_frame   0x00001110       0x40 src/ASF/sam/utils/cmsis/sam3x/source/templates/system_sam3x.o
 .debug_frame   0x00001150       0xa8 src/ASF/sam/utils/syscalls/gcc/syscalls.o
 .debug_frame   0x000011f8       0x8c src/main.o
 .debug_frame   0x00001284       0x2c c:/program files (x86)/atmel/studio/7.0/toolchain/arm/arm-gnu-toolchain/bin/../lib/gcc/arm-none-eabi/5.3.1/../../../../arm-none-eabi/lib/armv7-m\libc.a(lib_a-init.o)
 .debug_frame   0x000012b0       0x34 c:/program files (x86)/atmel/studio/7.0/toolchain/arm/arm-gnu-toolchain/bin/../lib/gcc/arm-none-eabi/5.3.1/../../../../arm-none-eabi/lib/armv7-m\libc.a(lib_a-memset.o)
 .debug_frame   0x000012e4       0x48 c:/program files (x86)/atmel/studio/7.0/toolchain/arm/arm-gnu-toolchain/bin/../lib/gcc/arm-none-eabi/5.3.1/../../../../arm-none-eabi/lib/armv7-m\libc.a(lib_a-puts.o)
 .debug_frame   0x0000132c       0x20 c:/program files (x86)/atmel/studio/7.0/toolchain/arm/arm-gnu-toolchain/bin/../lib/gcc/arm-none-eabi/5.3.1/../../../../arm-none-eabi/lib/armv7-m\libc.a(lib_a-setbuf.o)
 .debug_frame   0x0000134c       0x50 c:/program files (x86)/atmel/studio/7.0/toolchain/arm/arm-gnu-toolchain/bin/../lib/gcc/arm-none-eabi/5.3.1/../../../../arm-none-eabi/lib/armv7-m\libc.a(lib_a-setvbuf.o)
 .debug_frame   0x0000139c       0x20 c:/program files (x86)/atmel/studio/7.0/toolchain/arm/arm-gnu-toolchain/bin/../lib/gcc/arm-none-eabi/5.3.1/../../../../arm-none-eabi/lib/armv7-m\libc.a(lib_a-strlen-stub.o)
 .debug_frame   0x000013bc       0x40 c:/program files (x86)/atmel/studio/7.0/toolchain/arm/arm-gnu-toolchain/bin/../lib/gcc/arm-none-eabi/5.3.1/../../../../arm-none-eabi/lib/armv7-m\libc.a(lib_a-wbuf.o)
 .debug_frame   0x000013fc       0x2c c:/program files (x86)/atmel/studio/7.0/toolchain/arm/arm-gnu-toolchain/bin/../lib/gcc/arm-none-eabi/5.3.1/../../../../arm-none-eabi/lib/armv7-m\libc.a(lib_a-wsetup.o)
 .debug_frame   0x00001428       0x50 c:/program files (x86)/atmel/studio/7.0/toolchain/arm/arm-gnu-toolchain/bin/../lib/gcc/arm-none-eabi/5.3.1/../../../../arm-none-eabi/lib/armv7-m\libc.a(lib_a-__call_atexit.o)
 .debug_frame   0x00001478       0x20 c:/program files (x86)/atmel/studio/7.0/toolchain/arm/arm-gnu-toolchain/bin/../lib/gcc/arm-none-eabi/5.3.1/../../../../arm-none-eabi/lib/armv7-m\libc.a(lib_a-atexit.o)
 .debug_frame   0x00001498       0x6c c:/program files (x86)/atmel/studio/7.0/toolchain/arm/arm-gnu-toolchain/bin/../lib/gcc/arm-none-eabi/5.3.1/../../../../arm-none-eabi/lib/armv7-m\libc.a(lib_a-fflush.o)
 .debug_frame   0x00001504      0x124 c:/program files (x86)/atmel/studio/7.0/toolchain/arm/arm-gnu-toolchain/bin/../lib/gcc/arm-none-eabi/5.3.1/../../../../arm-none-eabi/lib/armv7-m\libc.a(lib_a-findfp.o)
 .debug_frame   0x00001628       0x34 c:/program files (x86)/atmel/studio/7.0/toolchain/arm/arm-gnu-toolchain/bin/../lib/gcc/arm-none-eabi/5.3.1/../../../../arm-none-eabi/lib/armv7-m\libc.a(lib_a-fini.o)
 .debug_frame   0x0000165c       0x74 c:/program files (x86)/atmel/studio/7.0/toolchain/arm/arm-gnu-toolchain/bin/../lib/gcc/arm-none-eabi/5.3.1/../../../../arm-none-eabi/lib/armv7-m\libc.a(lib_a-freer.o)
 .debug_frame   0x000016d0       0x68 c:/program files (x86)/atmel/studio/7.0/toolchain/arm/arm-gnu-toolchain/bin/../lib/gcc/arm-none-eabi/5.3.1/../../../../arm-none-eabi/lib/armv7-m\libc.a(lib_a-fvwrite.o)
 .debug_frame   0x00001738       0x54 c:/program files (x86)/atmel/studio/7.0/toolchain/arm/arm-gnu-toolchain/bin/../lib/gcc/arm-none-eabi/5.3.1/../../../../arm-none-eabi/lib/armv7-m\libc.a(lib_a-fwalk.o)
 .debug_frame   0x0000178c       0x68 c:/program files (x86)/atmel/studio/7.0/toolchain/arm/arm-gnu-toolchain/bin/../lib/gcc/arm-none-eabi/5.3.1/../../../../arm-none-eabi/lib/armv7-m\libc.a(lib_a-makebuf.o)
 .debug_frame   0x000017f4       0x30 c:/program files (x86)/atmel/studio/7.0/toolchain/arm/arm-gnu-toolchain/bin/../lib/gcc/arm-none-eabi/5.3.1/../../../../arm-none-eabi/lib/armv7-m\libc.a(lib_a-malloc.o)
 .debug_frame   0x00001824       0x54 c:/program files (x86)/atmel/studio/7.0/toolchain/arm/arm-gnu-toolchain/bin/../lib/gcc/arm-none-eabi/5.3.1/../../../../arm-none-eabi/lib/armv7-m\libc.a(lib_a-mallocr.o)
 .debug_frame   0x00001878       0x34 c:/program files (x86)/atmel/studio/7.0/toolchain/arm/arm-gnu-toolchain/bin/../lib/gcc/arm-none-eabi/5.3.1/../../../../arm-none-eabi/lib/armv7-m\libc.a(lib_a-memchr-stub.o)
 .debug_frame   0x000018ac       0x30 c:/program files (x86)/atmel/studio/7.0/toolchain/arm/arm-gnu-toolchain/bin/../lib/gcc/arm-none-eabi/5.3.1/../../../../arm-none-eabi/lib/armv7-m\libc.a(lib_a-memmove.o)
 .debug_frame   0x000018dc       0x30 c:/program files (x86)/atmel/studio/7.0/toolchain/arm/arm-gnu-toolchain/bin/../lib/gcc/arm-none-eabi/5.3.1/../../../../arm-none-eabi/lib/armv7-m\libc.a(lib_a-mlock.o)
 .debug_frame   0x0000190c       0x58 c:/program files (x86)/atmel/studio/7.0/toolchain/arm/arm-gnu-toolchain/bin/../lib/gcc/arm-none-eabi/5.3.1/../../../../arm-none-eabi/lib/armv7-m\libc.a(lib_a-reallocr.o)
 .debug_frame   0x00001964       0x2c c:/program files (x86)/atmel/studio/7.0/toolchain/arm/arm-gnu-toolchain/bin/../lib/gcc/arm-none-eabi/5.3.1/../../../../arm-none-eabi/lib/armv7-m\libc.a(lib_a-sbrkr.o)
 .debug_frame   0x00001990       0x88 c:/program files (x86)/atmel/studio/7.0/toolchain/arm/arm-gnu-toolchain/bin/../lib/gcc/arm-none-eabi/5.3.1/../../../../arm-none-eabi/lib/armv7-m\libc.a(lib_a-stdio.o)
 .debug_frame   0x00001a18       0x2c c:/program files (x86)/atmel/studio/7.0/toolchain/arm/arm-gnu-toolchain/bin/../lib/gcc/arm-none-eabi/5.3.1/../../../../arm-none-eabi/lib/armv7-m\libc.a(lib_a-writer.o)
 .debug_frame   0x00001a44       0x34 c:/program files (x86)/atmel/studio/7.0/toolchain/arm/arm-gnu-toolchain/bin/../lib/gcc/arm-none-eabi/5.3.1/../../../../arm-none-eabi/lib/armv7-m\libc.a(lib_a-__atexit.o)
 .debug_frame   0x00001a78       0x2c c:/program files (x86)/atmel/studio/7.0/toolchain/arm/arm-gnu-toolchain/bin/../lib/gcc/arm-none-eabi/5.3.1/../../../../arm-none-eabi/lib/armv7-m\libc.a(lib_a-closer.o)
 .debug_frame   0x00001aa4       0x44 c:/program files (x86)/atmel/studio/7.0/toolchain/arm/arm-gnu-toolchain/bin/../lib/gcc/arm-none-eabi/5.3.1/../../../../arm-none-eabi/lib/armv7-m\libc.a(lib_a-fclose.o)
 .debug_frame   0x00001ae8       0x2c c:/program files (x86)/atmel/studio/7.0/toolchain/arm/arm-gnu-toolchain/bin/../lib/gcc/arm-none-eabi/5.3.1/../../../../arm-none-eabi/lib/armv7-m\libc.a(lib_a-fstatr.o)
 .debug_frame   0x00001b14       0x2c c:/program files (x86)/atmel/studio/7.0/toolchain/arm/arm-gnu-toolchain/bin/../lib/gcc/arm-none-eabi/5.3.1/../../../../arm-none-eabi/lib/armv7-m\libc.a(lib_a-isattyr.o)
 .debug_frame   0x00001b40       0x2c c:/program files (x86)/atmel/studio/7.0/toolchain/arm/arm-gnu-toolchain/bin/../lib/gcc/arm-none-eabi/5.3.1/../../../../arm-none-eabi/lib/armv7-m\libc.a(lib_a-lseekr.o)
 .debug_frame   0x00001b6c       0x2c c:/program files (x86)/atmel/studio/7.0/toolchain/arm/arm-gnu-toolchain/bin/../lib/gcc/arm-none-eabi/5.3.1/../../../../arm-none-eabi/lib/armv7-m\libc.a(lib_a-readr.o)
 .debug_frame   0x00001b98       0x58 c:/program files (x86)/atmel/studio/7.0/toolchain/arm/arm-gnu-toolchain/bin/../lib/gcc/arm-none-eabi/5.3.1/../../../../arm-none-eabi/lib/armv7-m\libc.a(lib_a-reent.o)

Cross Reference Table

Symbol                                            File
ADC_Handler                                       src/ASF/sam/utils/cmsis/sam3x/source/templates/exceptions.o
                                                  src/ASF/sam/utils/cmsis/sam3x/source/templates/gcc/startup_sam3x.o
BusFault_Handler                                  src/ASF/sam/utils/cmsis/sam3x/source/templates/exceptions.o
                                                  src/ASF/sam/utils/cmsis/sam3x/source/templates/gcc/startup_sam3x.o
CAN0_Handler                                      src/ASF/sam/utils/cmsis/sam3x/source/templates/exceptions.o
                                                  src/ASF/sam/utils/cmsis/sam3x/source/templates/gcc/startup_sam3x.o
CAN1_Handler                                      src/ASF/sam/utils/cmsis/sam3x/source/templates/exceptions.o
                                                  src/ASF/sam/utils/cmsis/sam3x/source/templates/gcc/startup_sam3x.o
DACC_Handler                                      src/ASF/sam/utils/cmsis/sam3x/source/templates/exceptions.o
                                                  src/ASF/sam/utils/cmsis/sam3x/source/templates/gcc/startup_sam3x.o
DMAC_Handler                                      src/ASF/sam/utils/cmsis/sam3x/source/templates/exceptions.o
                                                  src/ASF/sam/utils/cmsis/sam3x/source/templates/gcc/startup_sam3x.o
DebugMon_Handler                                  src/ASF/sam/utils/cmsis/sam3x/source/templates/exceptions.o
                                                  src/ASF/sam/utils/cmsis/sam3x/source/templates/gcc/startup_sam3x.o
Dummy_Handler                                     src/ASF/sam/utils/cmsis/sam3x/source/templates/exceptions.o
EFC0_Handler                                      src/ASF/sam/utils/cmsis/sam3x/source/templates/exceptions.o
                                                  src/ASF/sam/utils/cmsis/sam3x/source/templates/gcc/startup_sam3x.o
EFC1_Handler                                      src/ASF/sam/utils/cmsis/sam3x/source/templates/exceptions.o
                                                  src/ASF/sam/utils/cmsis/sam3x/source/templates/gcc/startup_sam3x.o
EMAC_Handler                                      src/ASF/sam/utils/cmsis/sam3x/source/templates/exceptions.o
                                                  src/ASF/sam/utils/cmsis/sam3x/source/templates/gcc/startup_sam3x.o
HSMCI_Handler                                     src/ASF/sam/utils/cmsis/sam3x/source/templates/exceptions.o
                                                  src/ASF/sam/utils/cmsis/sam3x/source/templates/gcc/startup_sam3x.o
HardFault_Handler                                 src/ASF/sam/utils/cmsis/sam3x/source/templates/exceptions.o
                                                  src/ASF/sam/utils/cmsis/sam3x/source/templates/gcc/startup_sam3x.o
MemManage_Handler                                 src/ASF/sam/utils/cmsis/sam3x/source/templates/exceptions.o
                                                  src/ASF/sam/utils/cmsis/sam3x/source/templates/gcc/startup_sam3x.o
NMI_Handler                                       src/ASF/sam/utils/cmsis/sam3x/source/templates/exceptions.o
                                                  src/ASF/sam/utils/cmsis/sam3x/source/templates/gcc/startup_sam3x.o
PIOA_Handler                                      src/ASF/sam/drivers/pio/pio_handler.o
                                                  src/ASF/sam/utils/cmsis/sam3x/source/templates/gcc/startup_sam3x.o
PIOB_Handler                                      src/ASF/sam/drivers/pio/pio_handler.o
                                                  src/ASF/sam/utils/cmsis/sam3x/source/templates/gcc/startup_sam3x.o
PIOC_Handler                                      src/ASF/sam/drivers/pio/pio_handler.o
                                                  src/ASF/sam/utils/cmsis/sam3x/source/templates/gcc/startup_sam3x.o
PIOD_Handler                                      src/ASF/sam/drivers/pio/pio_handler.o
                                                  src/ASF/sam/utils/cmsis/sam3x/source/templates/gcc/startup_sam3x.o
PMC_Handler                                       src/ASF/sam/utils/cmsis/sam3x/source/templates/exceptions.o
                                                  src/ASF/sam/utils/cmsis/sam3x/source/templates/gcc/startup_sam3x.o
PWM_Handler                                       src/ASF/sam/utils/cmsis/sam3x/source/templates/exceptions.o
                                                  src/ASF/sam/utils/cmsis/sam3x/source/templates/gcc/startup_sam3x.o
PendSV_Handler                                    src/ASF/sam/utils/cmsis/sam3x/source/templates/exceptions.o
                                                  src/ASF/sam/utils/cmsis/sam3x/source/templates/gcc/startup_sam3x.o
RSTC_Handler                                      src/ASF/sam/utils/cmsis/sam3x/source/templates/exceptions.o
                                                  src/ASF/sam/utils/cmsis/sam3x/source/templates/gcc/startup_sam3x.o
RTC_Handler                                       src/ASF/sam/utils/cmsis/sam3x/source/templates/exceptions.o
                                                  src/ASF/sam/utils/cmsis/sam3x/source/templates/gcc/startup_sam3x.o
RTT_Handler                                       src/ASF/sam/utils/cmsis/sam3x/source/templates/exceptions.o
                                                  src/ASF/sam/utils/cmsis/sam3x/source/templates/gcc/startup_sam3x.o
Reset_Handler                                     src/ASF/sam/utils/cmsis/sam3x/source/templates/gcc/startup_sam3x.o
SMC_Handler                                       src/ASF/sam/utils/cmsis/sam3x/source/templates/exceptions.o
                                                  src/ASF/sam/utils/cmsis/sam3x/source/templates/gcc/startup_sam3x.o
SPI0_Handler                                      src/ASF/sam/utils/cmsis/sam3x/source/templates/exceptions.o
                                                  src/ASF/sam/utils/cmsis/sam3x/source/templates/gcc/startup_sam3x.o
SSC_Handler                                       src/ASF/sam/utils/cmsis/sam3x/source/templates/exceptions.o
                                                  src/ASF/sam/utils/cmsis/sam3x/source/templates/gcc/startup_sam3x.o
SUPC_Handler                                      src/ASF/sam/utils/cmsis/sam3x/source/templates/exceptions.o
                                                  src/ASF/sam/utils/cmsis/sam3x/source/templates/gcc/startup_sam3x.o
SVC_Handler                                       src/ASF/sam/utils/cmsis/sam3x/source/templates/exceptions.o
                                                  src/ASF/sam/utils/cmsis/sam3x/source/templates/gcc/startup_sam3x.o
SysTick_Handler                                   src/ASF/sam/utils/cmsis/sam3x/source/templates/exceptions.o
                                                  src/ASF/sam/utils/cmsis/sam3x/source/templates/gcc/startup_sam3x.o
SystemCoreClock                                   src/ASF/sam/utils/cmsis/sam3x/source/templates/system_sam3x.o
SystemCoreClockUpdate                             src/ASF/sam/utils/cmsis/sam3x/source/templates/system_sam3x.o
                                                  src/ASF/common/services/clock/sam3x/sysclk.o
SystemInit                                        src/ASF/sam/utils/cmsis/sam3x/source/templates/system_sam3x.o
TC0_Handler                                       src/ASF/sam/utils/cmsis/sam3x/source/templates/exceptions.o
                                                  src/ASF/sam/utils/cmsis/sam3x/source/templates/gcc/startup_sam3x.o
TC1_Handler                                       src/ASF/sam/utils/cmsis/sam3x/source/templates/exceptions.o
                                                  src/ASF/sam/utils/cmsis/sam3x/source/templates/gcc/startup_sam3x.o
TC2_Handler                                       src/ASF/sam/utils/cmsis/sam3x/source/templates/exceptions.o
                                                  src/ASF/sam/utils/cmsis/sam3x/source/templates/gcc/startup_sam3x.o
TC3_Handler                                       src/ASF/sam/utils/cmsis/sam3x/source/templates/exceptions.o
                                                  src/ASF/sam/utils/cmsis/sam3x/source/templates/gcc/startup_sam3x.o
TC4_Handler                                       src/ASF/sam/utils/cmsis/sam3x/source/templates/exceptions.o
                                                  src/ASF/sam/utils/cmsis/sam3x/source/templates/gcc/startup_sam3x.o
TC5_Handler                                       src/ASF/sam/utils/cmsis/sam3x/source/templates/exceptions.o
                                                  src/ASF/sam/utils/cmsis/sam3x/source/templates/gcc/startup_sam3x.o
TC6_Handler                                       src/ASF/sam/utils/cmsis/sam3x/source/templates/exceptions.o
                                                  src/ASF/sam/utils/cmsis/sam3x/source/templates/gcc/startup_sam3x.o
TC7_Handler                                       src/ASF/sam/utils/cmsis/sam3x/source/templates/exceptions.o
                                                  src/ASF/sam/utils/cmsis/sam3x/source/templates/gcc/startup_sam3x.o
TC8_Handler                                       src/ASF/sam/utils/cmsis/sam3x/source/templates/exceptions.o
                                                  src/ASF/sam/utils/cmsis/sam3x/source/templates/gcc/startup_sam3x.o
TRNG_Handler                                      src/ASF/sam/utils/cmsis/sam3x/source/templates/exceptions.o
                                                  src/ASF/sam/utils/cmsis/sam3x/source/templates/gcc/startup_sam3x.o
TWI0_Handler                                      src/ASF/sam/utils/cmsis/sam3x/source/templates/exceptions.o
                                                  src/ASF/sam/utils/cmsis/sam3x/source/templates/gcc/startup_sam3x.o
TWI1_Handler                                      src/ASF/sam/utils/cmsis/sam3x/source/templates/exceptions.o
                                                  src/ASF/sam/utils/cmsis/sam3x/source/templates/gcc/startup_sam3x.o
UART_Handler                                      src/ASF/sam/utils/cmsis/sam3x/source/templates/exceptions.o
                                                  src/ASF/sam/utils/cmsis/sam3x/source/templates/gcc/startup_sam3x.o
UOTGHS_Handler                                    src/ASF/sam/utils/cmsis/sam3x/source/templates/exceptions.o
                                                  src/ASF/sam/utils/cmsis/sam3x/source/templates/gcc/startup_sam3x.o
USART0_Handler                                    src/ASF/sam/utils/cmsis/sam3x/source/templates/exceptions.o
                                                  src/ASF/sam/utils/cmsis/sam3x/source/templates/gcc/startup_sam3x.o
USART1_Handler                                    src/ASF/sam/utils/cmsis/sam3x/source/templates/exceptions.o
                                                  src/ASF/sam/utils/cmsis/sam3x/source/templates/gcc/startup_sam3x.o
USART2_Handler                                    src/ASF/sam/utils/cmsis/sam3x/source/templates/exceptions.o
                                                  src/ASF/sam/utils/cmsis/sam3x/source/templates/gcc/startup_sam3x.o
USART3_Handler                                    src/ASF/sam/utils/cmsis/sam3x/source/templates/exceptions.o
                                                  src/ASF/sam/utils/cmsis/sam3x/source/templates/gcc/startup_sam3x.o
UsageFault_Handler                                src/ASF/sam/utils/cmsis/sam3x/source/templates/exceptions.o
                                                  src/ASF/sam/utils/cmsis/sam3x/source/templates/gcc/startup_sam3x.o
WDT_Handler                                       src/ASF/sam/utils/cmsis/sam3x/source/templates/exceptions.o
                                                  src/ASF/sam/utils/cmsis/sam3x/source/templates/gcc/startup_sam3x.o
_Jv_RegisterClasses                               c:/program files (x86)/atmel/studio/7.0/toolchain/arm/arm-gnu-toolchain/bin/../lib/gcc/arm-none-eabi/5.3.1/armv7-m/crtbegin.o
_PathLocale                                       c:/program files (x86)/atmel/studio/7.0/toolchain/arm/arm-gnu-toolchain/bin/../lib/gcc/arm-none-eabi/5.3.1/../../../../arm-none-eabi/lib/armv7-m\libc.a(lib_a-locale.o)
__aeabi_idiv0                                     c:/program files (x86)/atmel/studio/7.0/toolchain/arm/arm-gnu-toolchain/bin/../lib/gcc/arm-none-eabi/5.3.1/armv7-m\libgcc.a(_dvmd_tls.o)
__aeabi_ldiv0                                     c:/program files (x86)/atmel/studio/7.0/toolchain/arm/arm-gnu-toolchain/bin/../lib/gcc/arm-none-eabi/5.3.1/armv7-m\libgcc.a(_dvmd_tls.o)
                                                  c:/program files (x86)/atmel/studio/7.0/toolchain/arm/arm-gnu-toolchain/bin/../lib/gcc/arm-none-eabi/5.3.1/armv7-m\libgcc.a(_aeabi_uldivmod.o)
__aeabi_uldivmod                                  c:/program files (x86)/atmel/studio/7.0/toolchain/arm/arm-gnu-toolchain/bin/../lib/gcc/arm-none-eabi/5.3.1/armv7-m\libgcc.a(_aeabi_uldivmod.o)
                                                  c:/program files (x86)/atmel/studio/7.0/toolchain/arm/arm-gnu-toolchain/bin/../lib/gcc/arm-none-eabi/5.3.1/../../../../arm-none-eabi/lib/armv7-m\libc.a(lib_a-vfiprintf.o)
__ascii_wctomb                                    c:/program files (x86)/atmel/studio/7.0/toolchain/arm/arm-gnu-toolchain/bin/../lib/gcc/arm-none-eabi/5.3.1/../../../../arm-none-eabi/lib/armv7-m\libc.a(lib_a-wctomb_r.o)
__bss_end__                                       c:/program files (x86)/atmel/studio/7.0/toolchain/arm/arm-gnu-toolchain/bin/../lib/gcc/arm-none-eabi/5.3.1/../../../../arm-none-eabi/lib/armv7-m/crt0.o
__bss_start__                                     c:/program files (x86)/atmel/studio/7.0/toolchain/arm/arm-gnu-toolchain/bin/../lib/gcc/arm-none-eabi/5.3.1/../../../../arm-none-eabi/lib/armv7-m/crt0.o
__call_exitprocs                                  c:/program files (x86)/atmel/studio/7.0/toolchain/arm/arm-gnu-toolchain/bin/../lib/gcc/arm-none-eabi/5.3.1/../../../../arm-none-eabi/lib/armv7-m\libc.a(lib_a-__call_atexit.o)
                                                  c:/program files (x86)/atmel/studio/7.0/toolchain/arm/arm-gnu-toolchain/bin/../lib/gcc/arm-none-eabi/5.3.1/../../../../arm-none-eabi/lib/armv7-m\libc.a(lib_a-exit.o)
__deregister_frame_info                           c:/program files (x86)/atmel/studio/7.0/toolchain/arm/arm-gnu-toolchain/bin/../lib/gcc/arm-none-eabi/5.3.1/armv7-m/crtbegin.o
__dso_handle                                      c:/program files (x86)/atmel/studio/7.0/toolchain/arm/arm-gnu-toolchain/bin/../lib/gcc/arm-none-eabi/5.3.1/armv7-m/crtbegin.o
__fini_array_end                                  c:/program files (x86)/atmel/studio/7.0/toolchain/arm/arm-gnu-toolchain/bin/../lib/gcc/arm-none-eabi/5.3.1/../../../../arm-none-eabi/lib/armv7-m\libc.a(lib_a-fini.o)
__fini_array_start                                c:/program files (x86)/atmel/studio/7.0/toolchain/arm/arm-gnu-toolchain/bin/../lib/gcc/arm-none-eabi/5.3.1/../../../../arm-none-eabi/lib/armv7-m\libc.a(lib_a-fini.o)
__fp_lock_all                                     c:/program files (x86)/atmel/studio/7.0/toolchain/arm/arm-gnu-toolchain/bin/../lib/gcc/arm-none-eabi/5.3.1/../../../../arm-none-eabi/lib/armv7-m\libc.a(lib_a-findfp.o)
__fp_unlock_all                                   c:/program files (x86)/atmel/studio/7.0/toolchain/arm/arm-gnu-toolchain/bin/../lib/gcc/arm-none-eabi/5.3.1/../../../../arm-none-eabi/lib/armv7-m\libc.a(lib_a-findfp.o)
__fputwc                                          c:/program files (x86)/atmel/studio/7.0/toolchain/arm/arm-gnu-toolchain/bin/../lib/gcc/arm-none-eabi/5.3.1/../../../../arm-none-eabi/lib/armv7-m\libc.a(lib_a-fputwc.o)
__init_array_end                                  c:/program files (x86)/atmel/studio/7.0/toolchain/arm/arm-gnu-toolchain/bin/../lib/gcc/arm-none-eabi/5.3.1/../../../../arm-none-eabi/lib/armv7-m\libc.a(lib_a-init.o)
__init_array_start                                c:/program files (x86)/atmel/studio/7.0/toolchain/arm/arm-gnu-toolchain/bin/../lib/gcc/arm-none-eabi/5.3.1/../../../../arm-none-eabi/lib/armv7-m\libc.a(lib_a-init.o)
__libc_fini                                       c:/program files (x86)/atmel/studio/7.0/toolchain/arm/arm-gnu-toolchain/bin/../lib/gcc/arm-none-eabi/5.3.1/../../../../arm-none-eabi/lib/armv7-m\libc.a(lib_a-__call_atexit.o)
__libc_fini_array                                 c:/program files (x86)/atmel/studio/7.0/toolchain/arm/arm-gnu-toolchain/bin/../lib/gcc/arm-none-eabi/5.3.1/../../../../arm-none-eabi/lib/armv7-m\libc.a(lib_a-fini.o)
                                                  c:/program files (x86)/atmel/studio/7.0/toolchain/arm/arm-gnu-toolchain/bin/../lib/gcc/arm-none-eabi/5.3.1/../../../../arm-none-eabi/lib/armv7-m\libc.a(lib_a-__call_atexit.o)
                                                  c:/program files (x86)/atmel/studio/7.0/toolchain/arm/arm-gnu-toolchain/bin/../lib/gcc/arm-none-eabi/5.3.1/../../../../arm-none-eabi/lib/armv7-m/crt0.o
__libc_init_array                                 c:/program files (x86)/atmel/studio/7.0/toolchain/arm/arm-gnu-toolchain/bin/../lib/gcc/arm-none-eabi/5.3.1/../../../../arm-none-eabi/lib/armv7-m\libc.a(lib_a-init.o)
                                                  src/ASF/sam/utils/cmsis/sam3x/source/templates/gcc/startup_sam3x.o
                                                  c:/program files (x86)/atmel/studio/7.0/toolchain/arm/arm-gnu-toolchain/bin/../lib/gcc/arm-none-eabi/5.3.1/../../../../arm-none-eabi/lib/armv7-m/crt0.o
__locale_charset                                  c:/program files (x86)/atmel/studio/7.0/toolchain/arm/arm-gnu-toolchain/bin/../lib/gcc/arm-none-eabi/5.3.1/../../../../arm-none-eabi/lib/armv7-m\libc.a(lib_a-locale.o)
                                                  c:/program files (x86)/atmel/studio/7.0/toolchain/arm/arm-gnu-toolchain/bin/../lib/gcc/arm-none-eabi/5.3.1/../../../../arm-none-eabi/lib/armv7-m\libc.a(lib_a-wctomb_r.o)
                                                  c:/program files (x86)/atmel/studio/7.0/toolchain/arm/arm-gnu-toolchain/bin/../lib/gcc/arm-none-eabi/5.3.1/../../../../arm-none-eabi/lib/armv7-m\libc.a(lib_a-wcrtomb.o)
__locale_cjk_lang                                 c:/program files (x86)/atmel/studio/7.0/toolchain/arm/arm-gnu-toolchain/bin/../lib/gcc/arm-none-eabi/5.3.1/../../../../arm-none-eabi/lib/armv7-m\libc.a(lib_a-locale.o)
__locale_mb_cur_max                               c:/program files (x86)/atmel/studio/7.0/toolchain/arm/arm-gnu-toolchain/bin/../lib/gcc/arm-none-eabi/5.3.1/../../../../arm-none-eabi/lib/armv7-m\libc.a(lib_a-locale.o)
                                                  c:/program files (x86)/atmel/studio/7.0/toolchain/arm/arm-gnu-toolchain/bin/../lib/gcc/arm-none-eabi/5.3.1/../../../../arm-none-eabi/lib/armv7-m\libc.a(lib_a-fputwc.o)
__locale_msgcharset                               c:/program files (x86)/atmel/studio/7.0/toolchain/arm/arm-gnu-toolchain/bin/../lib/gcc/arm-none-eabi/5.3.1/../../../../arm-none-eabi/lib/armv7-m\libc.a(lib_a-locale.o)
__malloc_av_                                      c:/program files (x86)/atmel/studio/7.0/toolchain/arm/arm-gnu-toolchain/bin/../lib/gcc/arm-none-eabi/5.3.1/../../../../arm-none-eabi/lib/armv7-m\libc.a(lib_a-mallocr.o)
                                                  c:/program files (x86)/atmel/studio/7.0/toolchain/arm/arm-gnu-toolchain/bin/../lib/gcc/arm-none-eabi/5.3.1/../../../../arm-none-eabi/lib/armv7-m\libc.a(lib_a-reallocr.o)
                                                  c:/program files (x86)/atmel/studio/7.0/toolchain/arm/arm-gnu-toolchain/bin/../lib/gcc/arm-none-eabi/5.3.1/../../../../arm-none-eabi/lib/armv7-m\libc.a(lib_a-freer.o)
__malloc_current_mallinfo                         c:/program files (x86)/atmel/studio/7.0/toolchain/arm/arm-gnu-toolchain/bin/../lib/gcc/arm-none-eabi/5.3.1/../../../../arm-none-eabi/lib/armv7-m\libc.a(lib_a-mallocr.o)
                                                  c:/program files (x86)/atmel/studio/7.0/toolchain/arm/arm-gnu-toolchain/bin/../lib/gcc/arm-none-eabi/5.3.1/../../../../arm-none-eabi/lib/armv7-m\libc.a(lib_a-freer.o)
__malloc_lock                                     c:/program files (x86)/atmel/studio/7.0/toolchain/arm/arm-gnu-toolchain/bin/../lib/gcc/arm-none-eabi/5.3.1/../../../../arm-none-eabi/lib/armv7-m\libc.a(lib_a-mlock.o)
                                                  c:/program files (x86)/atmel/studio/7.0/toolchain/arm/arm-gnu-toolchain/bin/../lib/gcc/arm-none-eabi/5.3.1/../../../../arm-none-eabi/lib/armv7-m\libc.a(lib_a-reallocr.o)
                                                  c:/program files (x86)/atmel/studio/7.0/toolchain/arm/arm-gnu-toolchain/bin/../lib/gcc/arm-none-eabi/5.3.1/../../../../arm-none-eabi/lib/armv7-m\libc.a(lib_a-mallocr.o)
                                                  c:/program files (x86)/atmel/studio/7.0/toolchain/arm/arm-gnu-toolchain/bin/../lib/gcc/arm-none-eabi/5.3.1/../../../../arm-none-eabi/lib/armv7-m\libc.a(lib_a-freer.o)
__malloc_max_sbrked_mem                           c:/program files (x86)/atmel/studio/7.0/toolchain/arm/arm-gnu-toolchain/bin/../lib/gcc/arm-none-eabi/5.3.1/../../../../arm-none-eabi/lib/armv7-m\libc.a(lib_a-mallocr.o)
__malloc_max_total_mem                            c:/program files (x86)/atmel/studio/7.0/toolchain/arm/arm-gnu-toolchain/bin/../lib/gcc/arm-none-eabi/5.3.1/../../../../arm-none-eabi/lib/armv7-m\libc.a(lib_a-mallocr.o)
__malloc_sbrk_base                                c:/program files (x86)/atmel/studio/7.0/toolchain/arm/arm-gnu-toolchain/bin/../lib/gcc/arm-none-eabi/5.3.1/../../../../arm-none-eabi/lib/armv7-m\libc.a(lib_a-mallocr.o)
                                                  c:/program files (x86)/atmel/studio/7.0/toolchain/arm/arm-gnu-toolchain/bin/../lib/gcc/arm-none-eabi/5.3.1/../../../../arm-none-eabi/lib/armv7-m\libc.a(lib_a-freer.o)